Microchip MPLAB XC8 Compiler V1.33 ()

Linker command line:

--edf=C:\Program Files (x86)\Microchip\xc8\v1.33\dat\en_msgs.txt -cs \
  -h+dist/default/debug\nRF24_TX.X.debug.sym \
  --cmf=dist/default/debug\nRF24_TX.X.debug.cmf -z -Q18F24K22 \
  -oC:\Users\STUDEN~1.N20\AppData\Local\Temp\s4os.6 \
  -Mdist/default/debug/nRF24_TX.X.debug.map -E1 -ver=XC8 -ASTACK=060h-02ffh \
  -pstack=STACK -ACODE=00h-03FFFh -ACONST=00h-03FFFh \
  -ASMALLCONST=0300h-03FFhx61 -AMEDIUMCONST=0300h-03FFFh -ACOMRAM=01h-05Fh \
  -AABS1=00h-02FFh -ABIGRAM=01h-02FFh -ARAM=060h-0FFh,0100h-01FFhx2 \
  -ABANK0=060h-0FFh -ABANK1=0100h-01FFh -ABANK2=0200h-02FFh \
  -ASFR=0F38h-0F5Fh,0F60h-0FFCh \
  -preset_vec=00h,intcode,intcodelo,powerup,init,end_init -pramtop=0300h \
  -psmallconst=SMALLCONST -pmediumconst=MEDIUMCONST -pconst=CONST \
  -AFARRAM=00h-00h -ACONFIG=0300000h-030000Dh -pconfig=CONFIG \
  -AIDLOC=0200000h-0200007h -pidloc=IDLOC -AEEDATA=0F00000h-0F000FFh \
  -peeprom_data=EEDATA \
  -prdata=COMRAM,nvrram=COMRAM,nvbit=COMRAM,rbss=COMRAM,rbit=COMRAM \
  -pfarbss=FARRAM,fardata=FARRAM,nvFARRAM=FARRAM \
  -pintsave_regs=BIGRAM,bigbss=BIGRAM,bigdata=BIGRAM -pbss=RAM \
  -pidata=CODE,irdata=CODE,ibigdata=CODE,ifardata=CODE \
  C:\Users\STUDEN~1.N20\AppData\Local\Temp\s4os.obj \
  dist/default/debug\nRF24_TX.X.debug.obj 

Object code version is 3.11

Machine type is 18F24K22

Call graph: (short form)




                Name                               Link     Load   Length Selector   Space Scale
C:\Users\STUDEN~1.N20\AppData\Local\Temp\s4os.obj
                end_init                              2        2        4        0       0
                reset_vec                             0        0        2        0       0
                idloc                            200000   200000        8   200000       0
                config                           300000   300000        E   300000       0
dist/default/debug\nRF24_TX.X.debug.obj
                text9                              3EB2     3EB2       3C     1F59       0
                text8                              3DC0     3DC0       24     1EE0       0
                text7                              3D70     3D70        E     1EB8       0
                text6                              3E78     3E78       3A     1F3C       0
                text5                              3E42     3E42       36     1F21       0
                text4                              3F64     3F64       9C     1FB2       0
                text3                              3DE4     3DE4       2C     1EF2       0
                text2                              3DA6     3DA6       1A     1ED3       0
                text1                              3D8E     3D8E       18     1EC7       0
                text0                              3EEE     3EEE       76     1F77       0
                cstackCOMRAM                         53       53        8        1       1
                dataCOMRAM                           44       44        F        1       1
                bssCOMRAM                             1        1       43        1       1
                cinit                              3E10     3E10       32     1F08       0
                idataCOMRAM                        3D7F     3D7F        F     3D7F       0

TOTAL           Name                               Link     Load   Length     Space
        CLASS   STACK          

        CLASS   CODE           
                end_init                              2        2        4         0
                reset_vec                             0        0        2         0
                text9                              3EB2     3EB2       3C         0
                text8                              3DC0     3DC0       24         0
                text7                              3D70     3D70        E         0
                text6                              3E78     3E78       3A         0
                text5                              3E42     3E42       36         0
                text4                              3F64     3F64       9C         0
                text3                              3DE4     3DE4       2C         0
                text2                              3DA6     3DA6       1A         0
                text1                              3D8E     3D8E       18         0
                text0                              3EEE     3EEE       76         0
                cinit                              3E10     3E10       32         0
                idataCOMRAM                        3D7F     3D7F        F         0

        CLASS   CONST          

        CLASS   SMALLCONST     

        CLASS   MEDIUMCONST    

        CLASS   COMRAM         
                cstackCOMRAM                         53       53        8         1
                dataCOMRAM                           44       44        F         1
                bssCOMRAM                             1        1       43         1

        CLASS   ABS1           

        CLASS   BIGRAM         

        CLASS   RAM            

        CLASS   BANK0          

        CLASS   BANK1          

        CLASS   BANK2          

        CLASS   SFR            

        CLASS   FARRAM         

        CLASS   CONFIG         
                config                           300000   300000        E         0

        CLASS   IDLOC          
                idloc                            200000   200000        8         0

        CLASS   EEDATA         



SEGMENTS        Name                           Load    Length   Top    Selector   Space  Class

                reset_vec                      000000  000006  000006         0       0  CODE    
                bssCOMRAM                      000001  00005A  00005B         1       1  COMRAM  
                text7                          003D70  00000E  003D7E      1EB8       0  CODE    
                idataCOMRAM                    003D7F  00000F  003D8E      3D7F       0  CODE    
                text1                          003D8E  000018  003DA6      1EC7       0  CODE    
                text2                          003DA6  00001A  003DC0      1ED3       0  CODE    
                text8                          003DC0  000024  003DE4      1EE0       0  CODE    
                text3                          003DE4  00002C  003E10      1EF2       0  CODE    
                cinit                          003E10  000032  003E42      1F08       0  CODE    
                text5                          003E42  000036  003E78      1F21       0  CODE    
                text6                          003E78  00003A  003EB2      1F3C       0  CODE    
                text9                          003EB2  00003C  003EEE      1F59       0  CODE    
                text0                          003EEE  000076  003F64      1F77       0  CODE    
                text4                          003F64  00009C  004000      1FB2       0  CODE    
                idloc                          200000  000008  200008    200000       0  IDLOC   
                config                         300000  00000E  30000E    300000       0  CONFIG  


UNUSED ADDRESS RANGES

        Name                Unused          Largest block    Delta
        BANK0            000060-0000FF               A0
        BANK1            000100-0001FF              100
        BANK2            000200-0002FF              100
        BIGRAM           00005B-0002FF              2A5
        CODE             000006-003D6F             3D6A
                         003D7E-003D7E                1
        COMRAM           00005B-00005F                5
        CONST            000006-003D6F             3D6A
                         003D7E-003D7E                1
        EEDATA           F00000-F000FF              100
        MEDIUMCONST      000300-003D6F             3A70
                         003D7E-003D7E                1
        RAM              000060-0002FF              100
        SFR              000F38-000FFC               28
        SMALLCONST       000300-003D6F              100
                         003D7E-003D7E                1
        STACK            000060-0002FF              2A0

                                  Symbol Table

_CONFIG_CURR             dataCOMRAM   000044
_ENAA_CURR               bssCOMRAM    000043
_EN_RXADDR_CURR          dataCOMRAM   000045
_LATA                    (abs)        000F89
_LATAbits                (abs)        000F89
_LATB                    (abs)        000F8A
_LATC                    (abs)        000F8B
_RF_CH_CURR              dataCOMRAM   000046
_RF_SETUP_CURR           dataCOMRAM   000047
_RX_ADDRESS              dataCOMRAM   00004B
_RX_PW_P0_CURR           dataCOMRAM   000048
_SETUP_AW_CURR           dataCOMRAM   000049
_SETUP_RETR_CURR         dataCOMRAM   00004A
_SSP1ADD                 (abs)        000FC8
_SSP1BUF                 (abs)        000FC9
_SSP1CON1bits            (abs)        000FC6
_SSP1STATbits            (abs)        000FC7
_TRISA                   (abs)        000F92
_TRISB                   (abs)        000F93
_TRISC                   (abs)        000F94
_TX_ADDRESS              dataCOMRAM   00004F
__CFG_BOREN$SBORDIS      (abs)        000000
__CFG_BORV$190           (abs)        000000
__CFG_CCP2MX$PORTC1      (abs)        000000
__CFG_CCP3MX$PORTB5      (abs)        000000
__CFG_FCMEN$OFF          (abs)        000000
__CFG_FOSC$HSHP          (abs)        000000
__CFG_HFOFST$ON          (abs)        000000
__CFG_IESO$OFF           (abs)        000000
__CFG_LVP$ON             (abs)        000000
__CFG_MCLRE$EXTMCLR      (abs)        000000
__CFG_P2BMX$PORTB5       (abs)        000000
__CFG_PBADEN$OFF         (abs)        000000
__CFG_PLLCFG$ON          (abs)        000000
__CFG_PRICLKEN$ON        (abs)        000000
__CFG_PWRTEN$ON          (abs)        000000
__CFG_STVREN$ON          (abs)        000000
__CFG_T3CMX$PORTC0       (abs)        000000
__CFG_WDTEN$OFF          (abs)        000000
__CFG_WDTPS$32768        (abs)        000000
__CFG_XINST$OFF          (abs)        000000
__HRAM                   (abs)        000000
__Habs1                  abs1         000000
__Hbank0                 bank0        000000
__Hbank1                 bank1        000000
__Hbank2                 bank2        000000
__Hbigbss                bigbss       000000
__Hbigdata               bigdata      000000
__Hbigram                bigram       000000
__Hbss                   bss          000000
__HbssCOMRAM             bssCOMRAM    000000
__Hcinit                 cinit        000000
__Hclrtext               clrtext      000000
__Hcomram                comram       000000
__Hconfig                config       30000E
__Hconst                 const        000000
__HcstackCOMRAM          cstackCOMRAM 000000
__Hdata                  data         000000
__HdataCOMRAM            dataCOMRAM   000000
__Heeprom_data           eeprom_data  000000
__Hend_init              end_init     000006
__Hfarbss                farbss       000000
__Hfardata               fardata      000000
__Hibigdata              ibigdata     000000
__Hidata                 idata        000000
__HidataCOMRAM           idataCOMRAM  000000
__Hidloc                 idloc        200008
__Hifardata              ifardata     000000
__Hinit                  init         000002
__Hintcode               intcode      000002
__Hintcode_body          intcode_body 000000
__Hintcodelo             intcodelo    000002
__Hintentry              intentry     000000
__Hintret                intret       000000
__Hintsave_regs          intsave_regs 000000
__Hirdata                irdata       000000
__Hmediumconst           mediumconst  000000
__HnvFARRAM              nvFARRAM     000000
__Hnvbit                 nvbit        000000
__Hnvrram                nvrram       000000
__Hparam                 rparam       000000
__Hpowerup               powerup      000002
__Hram                   ram          000000
__Hramtop                ramtop       000300
__Hrbit                  rbit         000000
__Hrbss                  rbss         000000
__Hrdata                 rdata        000000
__Hreset_vec             reset_vec    000002
__Hrparam                rparam       000000
__Hsfr                   sfr          000000
__Hsmallconst            smallconst   000000
__Hspace_0               (abs)        30000E
__Hspace_1               (abs)        00005B
__Hspace_2               (abs)        000000
__Hstack                 stack        000000
__Hstruct                struct       000000
__Htemp                  temp         000000
__Htext                  text         000000
__Htext0                 text0        000000
__Htext1                 text1        000000
__Htext2                 text2        000000
__Htext3                 text3        000000
__Htext4                 text4        000000
__Htext5                 text5        000000
__Htext6                 text6        000000
__Htext7                 text7        000000
__Htext8                 text8        000000
__Htext9                 text9        000000
__LRAM                   (abs)        000001
__Labs1                  abs1         000000
__Lbank0                 bank0        000000
__Lbank1                 bank1        000000
__Lbank2                 bank2        000000
__Lbigbss                bigbss       000000
__Lbigdata               bigdata      000000
__Lbigram                bigram       000000
__Lbss                   bss          000000
__LbssCOMRAM             bssCOMRAM    000000
__Lcinit                 cinit        000000
__Lclrtext               clrtext      000000
__Lcomram                comram       000000
__Lconfig                config       300000
__Lconst                 const        000000
__LcstackCOMRAM          cstackCOMRAM 000000
__Ldata                  data         000000
__LdataCOMRAM            dataCOMRAM   000000
__Leeprom_data           eeprom_data  000000
__Lend_init              end_init     000002
__Lfarbss                farbss       000000
__Lfardata               fardata      000000
__Libigdata              ibigdata     000000
__Lidata                 idata        000000
__LidataCOMRAM           idataCOMRAM  000000
__Lidloc                 idloc        200000
__Lifardata              ifardata     000000
__Linit                  init         000002
__Lintcode               intcode      000002
__Lintcode_body          intcode_body 000000
__Lintcodelo             intcodelo    000002
__Lintentry              intentry     000000
__Lintret                intret       000000
__Lintsave_regs          intsave_regs 000000
__Lirdata                irdata       000000
__Lmediumconst           mediumconst  000000
__LnvFARRAM              nvFARRAM     000000
__Lnvbit                 nvbit        000000
__Lnvrram                nvrram       000000
__Lparam                 rparam       000000
__Lpowerup               powerup      000002
__Lram                   ram          000000
__Lramtop                ramtop       000300
__Lrbit                  rbit         000000
__Lrbss                  rbss         000000
__Lrdata                 rdata        000000
__Lreset_vec             reset_vec    000000
__Lrparam                rparam       000000
__Lsfr                   sfr          000000
__Lsmallconst            smallconst   000000
__Lspace_0               (abs)        000000
__Lspace_1               (abs)        000000
__Lspace_2               (abs)        000000
__Lstack                 stack        000000
__Lstruct                struct       000000
__Ltemp                  temp         000000
__Ltext                  text         000000
__Ltext0                 text0        000000
__Ltext1                 text1        000000
__Ltext2                 text2        000000
__Ltext3                 text3        000000
__Ltext4                 text4        000000
__Ltext5                 text5        000000
__Ltext6                 text6        000000
__Ltext7                 text7        000000
__Ltext8                 text8        000000
__Ltext9                 text9        000000
__S0                     (abs)        30000E
__S1                     (abs)        00005B
__S2                     (abs)        000000
___inthi_sp              stack        000000
___intlo_sp              stack        000000
___sp                    stack        000000
__accesstop              (abs)        000060
__activetblptr           (abs)        000000
__end_of__initialization cinit        003E3C
__end_of_delay10ms       text9        003EEE
__end_of_getSTATUS       text7        003D7E
__end_of_main            text0        003F64
__end_of_nrfConfig       text4        004000
__end_of_nrfSetRXAddr    text6        003EB2
__end_of_nrfSetTXAddr    text5        003E78
__end_of_nrfTX           text3        003E10
__end_of_portConfig      text2        003DC0
__end_of_spiConfig_1     text1        003DA6
__end_of_spiWrite        text8        003DE4
__initialization         cinit        003E10
__mediumconst            mediumconst  000000
__pbssCOMRAM             bssCOMRAM    000001
__pcinit                 cinit        003E10
__pcstackCOMRAM          cstackCOMRAM 000053
__pdataCOMRAM            dataCOMRAM   000044
__pidataCOMRAM           idataCOMRAM  003D7F
__ptext0                 text0        003EEE
__ptext1                 text1        003D8E
__ptext2                 text2        003DA6
__ptext3                 text3        003DE4
__ptext4                 text4        003F64
__ptext5                 text5        003E42
__ptext6                 text6        003E78
__ptext7                 text7        003D70
__ptext8                 text8        003DC0
__ptext9                 text9        003EB2
__ramtop                 ramtop       000300
__size_of_delay10ms      (abs)        000000
__size_of_getSTATUS      (abs)        000000
__size_of_main           (abs)        000000
__size_of_nrfConfig      (abs)        000000
__size_of_nrfSetRXAddr   (abs)        000000
__size_of_nrfSetTXAddr   (abs)        000000
__size_of_nrfTX          (abs)        000000
__size_of_portConfig     (abs)        000000
__size_of_spiConfig_1    (abs)        000000
__size_of_spiWrite       (abs)        000000
__smallconst             smallconst   000000
_count                   bssCOMRAM    000041
_dataBufIn               bssCOMRAM    000001
_dataBufOut              bssCOMRAM    000021
_delay10ms               text9        003EB2
_getSTATUS               text7        003D70
_main                    text0        003EEE
_nrfConfig               text4        003F64
_nrfSetRXAddr            text6        003E78
_nrfSetTXAddr            text5        003E42
_nrfTX                   text3        003DE4
_portConfig              text2        003DA6
_spiConfig_1             text1        003D8E
_spiWrite                text8        003DC0
delay10ms@i              cstackCOMRAM 000056
delay10ms@ms_multi       cstackCOMRAM 000053
end_of_initialization    cinit        003E3C
getSTATUS@statusByte     cstackCOMRAM 000054
intlevel0                text         000000
intlevel1                text         000000
intlevel2                text         000000
intlevel3                text         000000
main@statusByte          cstackCOMRAM 00005A
nrfSetRXAddr@addr        cstackCOMRAM 000054
nrfSetRXAddr@addrXX      cstackCOMRAM 000056
nrfSetRXAddr@i           cstackCOMRAM 000057
nrfSetTXAddr@addr        cstackCOMRAM 000054
nrfSetTXAddr@i           cstackCOMRAM 000056
nrfTX@data               cstackCOMRAM 000055
spiWrite@data            cstackCOMRAM 000053
stackhi                  (abs)        0002FF
stacklo                  (abs)        000060
start                    init         000002
start_initialization     cinit        003E10


FUNCTION INFORMATION:

 *************** function _main *****************
 Defined at:
		line 180 in file "main.c"
 Parameters:    Size  Location     Type
		None
 Auto vars:     Size  Location     Type
  statusByte      1    7[COMRAM] unsigned char 
 Return value:  Size  Location     Type
		None               void
 Registers used:
		wreg, fsr2l, fsr2h, status,2, status,0, cstack
 Tracked objects:
		On entry : 
		On exit  : 
		Unchanged: 
 Data sizes:     COMRAM   BANK0   BANK1   BANK2
      Params:         0       0       0       0
      Locals:         1       0       0       0
      Temps:          1       0       0       0
      Totals:         2       0       0       0
Total ram usage:        2 bytes
 Hardware stack levels required when called:    3
 This function calls:
		_delay10ms
		_getSTATUS
		_nrfConfig
		_nrfTX
		_portConfig
		_spiConfig_1
		_spiWrite
 This function is called by:
		Startup code after reset
 This function uses a non-reentrant model


 *************** function _spiConfig_1 *****************
 Defined at:
		line 243 in file "main.c"
 Parameters:    Size  Location     Type
		None
 Auto vars:     Size  Location     Type
		None
 Return value:  Size  Location     Type
		None               void
 Registers used:
		wreg, status,2
 Tracked objects:
		On entry : 
		On exit  : 
		Unchanged: 
 Data sizes:     COMRAM   BANK0   BANK1   BANK2
      Params:         0       0       0       0
      Locals:         0       0       0       0
      Temps:          0       0       0       0
      Totals:         0       0       0       0
Total ram usage:        0 bytes
 Hardware stack levels used:    1
 This function calls:
		Nothing
 This function is called by:
		_main
 This function uses a non-reentrant model


 *************** function _portConfig *****************
 Defined at:
		line 229 in file "main.c"
 Parameters:    Size  Location     Type
		None
 Auto vars:     Size  Location     Type
		None
 Return value:  Size  Location     Type
		None               void
 Registers used:
		wreg, status,2
 Tracked objects:
		On entry : 
		On exit  : 
		Unchanged: 
 Data sizes:     COMRAM   BANK0   BANK1   BANK2
      Params:         0       0       0       0
      Locals:         0       0       0       0
      Temps:          0       0       0       0
      Totals:         0       0       0       0
Total ram usage:        0 bytes
 Hardware stack levels used:    1
 This function calls:
		Nothing
 This function is called by:
		_main
 This function uses a non-reentrant model


 *************** function _nrfTX *****************
 Defined at:
		line 359 in file "main.c"
 Parameters:    Size  Location     Type
  data            1    wreg     unsigned char 
 Auto vars:     Size  Location     Type
  data            1    2[COMRAM] unsigned char 
 Return value:  Size  Location     Type
		None               void
 Registers used:
		wreg, status,2, cstack
 Tracked objects:
		On entry : 
		On exit  : 
		Unchanged: 
 Data sizes:     COMRAM   BANK0   BANK1   BANK2
      Params:         0       0       0       0
      Locals:         1       0       0       0
      Temps:          1       0       0       0
      Totals:         2       0       0       0
Total ram usage:        2 bytes
 Hardware stack levels used:    1
 Hardware stack levels required when called:    1
 This function calls:
		_spiWrite
 This function is called by:
		_main
 This function uses a non-reentrant model


 *************** function _nrfConfig *****************
 Defined at:
		line 257 in file "main.c"
 Parameters:    Size  Location     Type
		None
 Auto vars:     Size  Location     Type
		None
 Return value:  Size  Location     Type
		None               void
 Registers used:
		wreg, fsr2l, fsr2h, status,2, status,0, cstack
 Tracked objects:
		On entry : 
		On exit  : 
		Unchanged: 
 Data sizes:     COMRAM   BANK0   BANK1   BANK2
      Params:         0       0       0       0
      Locals:         0       0       0       0
      Temps:          0       0       0       0
      Totals:         0       0       0       0
Total ram usage:        0 bytes
 Hardware stack levels used:    1
 Hardware stack levels required when called:    2
 This function calls:
		_nrfSetRXAddr
		_nrfSetTXAddr
		_spiWrite
 This function is called by:
		_main
 This function uses a non-reentrant model


 *************** function _nrfSetTXAddr *****************
 Defined at:
		line 286 in file "main.c"
 Parameters:    Size  Location     Type
  addr            2    1[COMRAM] PTR unsigned char 
		 -> TX_ADDRESS(4), 
 Auto vars:     Size  Location     Type
  i               2    3[COMRAM] int 
 Return value:  Size  Location     Type
		None               void
 Registers used:
		wreg, fsr2l, fsr2h, status,2, status,0, cstack
 Tracked objects:
		On entry : 
		On exit  : 
		Unchanged: 
 Data sizes:     COMRAM   BANK0   BANK1   BANK2
      Params:         2       0       0       0
      Locals:         2       0       0       0
      Temps:          0       0       0       0
      Totals:         4       0       0       0
Total ram usage:        4 bytes
 Hardware stack levels used:    1
 Hardware stack levels required when called:    1
 This function calls:
		_spiWrite
 This function is called by:
		_nrfConfig
 This function uses a non-reentrant model


 *************** function _nrfSetRXAddr *****************
 Defined at:
		line 300 in file "main.c"
 Parameters:    Size  Location     Type
  addrXX          1    wreg     unsigned char 
  addr            2    1[COMRAM] PTR unsigned char 
		 -> RX_ADDRESS(4), 
 Auto vars:     Size  Location     Type
  addrXX          1    3[COMRAM] unsigned char 
  i               2    4[COMRAM] int 
 Return value:  Size  Location     Type
		None               void
 Registers used:
		wreg, fsr2l, fsr2h, status,2, status,0, cstack
 Tracked objects:
		On entry : 
		On exit  : 
		Unchanged: 
 Data sizes:     COMRAM   BANK0   BANK1   BANK2
      Params:         2       0       0       0
      Locals:         3       0       0       0
      Temps:          0       0       0       0
      Totals:         5       0       0       0
Total ram usage:        5 bytes
 Hardware stack levels used:    1
 Hardware stack levels required when called:    1
 This function calls:
		_spiWrite
 This function is called by:
		_nrfConfig
 This function uses a non-reentrant model


 *************** function _getSTATUS *****************
 Defined at:
		line 314 in file "main.c"
 Parameters:    Size  Location     Type
		None
 Auto vars:     Size  Location     Type
  statusByte      1    1[COMRAM] unsigned char 
 Return value:  Size  Location     Type
                  1    wreg      unsigned char 
 Registers used:
		wreg, status,2, cstack
 Tracked objects:
		On entry : 
		On exit  : 
		Unchanged: 
 Data sizes:     COMRAM   BANK0   BANK1   BANK2
      Params:         0       0       0       0
      Locals:         1       0       0       0
      Temps:          0       0       0       0
      Totals:         1       0       0       0
Total ram usage:        1 bytes
 Hardware stack levels used:    1
 Hardware stack levels required when called:    1
 This function calls:
		_spiWrite
 This function is called by:
		_main
 This function uses a non-reentrant model


 *************** function _spiWrite *****************
 Defined at:
		line 325 in file "main.c"
 Parameters:    Size  Location     Type
  data            1    wreg     unsigned char 
 Auto vars:     Size  Location     Type
  data            1    0[COMRAM] unsigned char 
 Return value:  Size  Location     Type
		None               void
 Registers used:
		wreg, status,2, cstack
 Tracked objects:
		On entry : 
		On exit  : 
		Unchanged: 
 Data sizes:     COMRAM   BANK0   BANK1   BANK2
      Params:         0       0       0       0
      Locals:         1       0       0       0
      Temps:          0       0       0       0
      Totals:         1       0       0       0
Total ram usage:        1 bytes
 Hardware stack levels used:    1
 This function calls:
		Nothing
 This function is called by:
		_main
		_nrfConfig
		_nrfSetTXAddr
		_nrfSetRXAddr
		_getSTATUS
		_nrfTX
 This function uses a non-reentrant model


 *************** function _delay10ms *****************
 Defined at:
		line 373 in file "main.c"
 Parameters:    Size  Location     Type
  ms_multi        2    0[COMRAM] int 
 Auto vars:     Size  Location     Type
  i               2    3[COMRAM] int 
 Return value:  Size  Location     Type
		None               void
 Registers used:
		wreg, status,2, status,0
 Tracked objects:
		On entry : 
		On exit  : 
		Unchanged: 
 Data sizes:     COMRAM   BANK0   BANK1   BANK2
      Params:         2       0       0       0
      Locals:         2       0       0       0
      Temps:          1       0       0       0
      Totals:         5       0       0       0
Total ram usage:        5 bytes
 Hardware stack levels used:    1
 This function calls:
		Nothing
 This function is called by:
		_main
 This function uses a non-reentrant model



MODULE INFORMATION

Module		Function		Class		Link	Load	Size
shared
		__initializatio		CODE           	3E10	0000	44

shared estimated size: 44

main.c
		_getSTATUS     		CODE           	3D70	0000	14
		_spiConfig_1   		CODE           	3D8E	0000	24
		_spiWrite      		CODE           	3DC0	0000	36
		_main          		CODE           	3EEE	0000	118
		_nrfSetTXAddr  		CODE           	3E42	0000	54
		_nrfTX         		CODE           	3DE4	0000	44
		_portConfig    		CODE           	3DA6	0000	26
		_nrfConfig     		CODE           	3F64	0000	156
		_nrfSetRXAddr  		CODE           	3E78	0000	58
		_delay10ms     		CODE           	3EB2	0000	60

main.c estimated size: 590

