Microchip MPLAB XC8 Compiler V1.33 ()

Linker command line:

--edf=C:\Program Files (x86)\Microchip\xc8\v1.33\dat\en_msgs.txt -cs \
  -h+dist/default/production\nRF24_TX.X.production.sym \
  --cmf=dist/default/production\nRF24_TX.X.production.cmf -z -Q18F24K22 \
  -oC:\Users\STUDEN~1.N20\AppData\Local\Temp\s52g.6 \
  -Mdist/default/production/nRF24_TX.X.production.map -E1 -ver=XC8 \
  -ASTACK=080h-02ffh -pstack=STACK -ACODE=00h-03FFFh -ACONST=00h-03FFFh \
  -ASMALLCONST=0300h-03FFhx61 -AMEDIUMCONST=0300h-03FFFh -ACOMRAM=01h-05Fh \
  -AABS1=00h-02FFh -ABIGRAM=01h-02FFh -ARAM=060h-0FFh,0100h-01FFhx2 \
  -ABANK0=060h-0FFh -ABANK1=0100h-01FFh -ABANK2=0200h-02FFh \
  -ASFR=0F38h-0F5Fh,0F60h-0FFFh \
  -preset_vec=00h,intcode,intcodelo,powerup,init,end_init -pramtop=0300h \
  -psmallconst=SMALLCONST -pmediumconst=MEDIUMCONST -pconst=CONST \
  -AFARRAM=00h-00h -ACONFIG=0300000h-030000Dh -pconfig=CONFIG \
  -AIDLOC=0200000h-0200007h -pidloc=IDLOC -AEEDATA=0F00000h-0F000FFh \
  -peeprom_data=EEDATA \
  -prdata=COMRAM,nvrram=COMRAM,nvbit=COMRAM,rbss=COMRAM,rbit=COMRAM \
  -pfarbss=FARRAM,fardata=FARRAM,nvFARRAM=FARRAM \
  -pintsave_regs=BIGRAM,bigbss=BIGRAM,bigdata=BIGRAM -pbss=RAM \
  -pidata=CODE,irdata=CODE,ibigdata=CODE,ifardata=CODE \
  C:\Users\STUDEN~1.N20\AppData\Local\Temp\s52g.obj \
  dist/default/production\nRF24_TX.X.production.obj 

Object code version is 3.11

Machine type is 18F24K22

Call graph: (short form)




                Name                               Link     Load   Length Selector   Space Scale
C:\Users\STUDEN~1.N20\AppData\Local\Temp\s52g.obj
                end_init                              0        0        4        0       0
                idloc                            200000   200000        8   200000       0
                config                           300000   300000        E   300000       0
dist/default/production\nRF24_TX.X.production.obj
                text12                             3BAC     3BAC       3C     1DD6       0
                text11                             3B40     3B40       18     1DA0       0
                text10                             3B2E     3B2E       12     1D97       0
                text9                              3C26     3C26       4A     1E13       0
                text8                              3D58     3D58       78     1EAC       0
                text7                              3C70     3C70       74     1E38       0
                text6                              3F36     3F36       CA     1F9B       0
                text5                              3DD0     3DD0       AE     1EE8       0
                text4                              3B8A     3B8A       22     1DC5       0
                text3                              3E7E     3E7E       B8     1F3F       0
                text2                              3B70     3B70       1A     1DB8       0
                text1                              3B58     3B58       18     1DAC       0
                text0                              3CE4     3CE4       74     1E72       0
                cstackCOMRAM                         23       23       12        1       1
                bssBANK0                             60       60       20       60       1
                dataCOMRAM                           35       35        F        1       1
                bssCOMRAM                             1        1       22        1       1
                cinit                              3BE8     3BE8       3E     1DF4       0
                idataCOMRAM                        3B1F     3B1F        F     3B1F       0

TOTAL           Name                               Link     Load   Length     Space
        CLASS   STACK          

        CLASS   CODE           
                end_init                              0        0        4         0
                text12                             3BAC     3BAC       3C         0
                text11                             3B40     3B40       18         0
                text10                             3B2E     3B2E       12         0
                text9                              3C26     3C26       4A         0
                text8                              3D58     3D58       78         0
                text7                              3C70     3C70       74         0
                text6                              3F36     3F36       CA         0
                text5                              3DD0     3DD0       AE         0
                text4                              3B8A     3B8A       22         0
                text3                              3E7E     3E7E       B8         0
                text2                              3B70     3B70       1A         0
                text1                              3B58     3B58       18         0
                text0                              3CE4     3CE4       74         0
                cinit                              3BE8     3BE8       3E         0
                idataCOMRAM                        3B1F     3B1F        F         0

        CLASS   CONST          

        CLASS   SMALLCONST     

        CLASS   MEDIUMCONST    

        CLASS   COMRAM         
                cstackCOMRAM                         23       23       12         1
                dataCOMRAM                           35       35        F         1
                bssCOMRAM                             1        1       22         1

        CLASS   ABS1           

        CLASS   BIGRAM         

        CLASS   RAM            

        CLASS   BANK0          
                bssBANK0                             60       60       20         1

        CLASS   BANK1          

        CLASS   BANK2          

        CLASS   SFR            

        CLASS   FARRAM         

        CLASS   CONFIG         
                config                           300000   300000        E         0

        CLASS   IDLOC          
                idloc                            200000   200000        8         0

        CLASS   EEDATA         



SEGMENTS        Name                           Load    Length   Top    Selector   Space  Class

                reset_vec                      000000  000004  000004         0       0  CODE    
                bssCOMRAM                      000001  000043  000044         1       1  COMRAM  
                bssBANK0                       000060  000020  000080        60       1  BANK0   
                idataCOMRAM                    003B1F  00000F  003B2E      3B1F       0  CODE    
                text10                         003B2E  000012  003B40      1D97       0  CODE    
                text11                         003B40  000018  003B58      1DA0       0  CODE    
                text1                          003B58  000018  003B70      1DAC       0  CODE    
                text2                          003B70  00001A  003B8A      1DB8       0  CODE    
                text4                          003B8A  000022  003BAC      1DC5       0  CODE    
                text12                         003BAC  00003C  003BE8      1DD6       0  CODE    
                cinit                          003BE8  00003E  003C26      1DF4       0  CODE    
                text9                          003C26  00004A  003C70      1E13       0  CODE    
                text7                          003C70  000074  003CE4      1E38       0  CODE    
                text0                          003CE4  000074  003D58      1E72       0  CODE    
                text8                          003D58  000078  003DD0      1EAC       0  CODE    
                text5                          003DD0  0000AE  003E7E      1EE8       0  CODE    
                text3                          003E7E  0000B8  003F36      1F3F       0  CODE    
                text6                          003F36  0000CA  004000      1F9B       0  CODE    
                idloc                          200000  000008  200008    200000       0  IDLOC   
                config                         300000  00000E  30000E    300000       0  CONFIG  


UNUSED ADDRESS RANGES

        Name                Unused          Largest block    Delta
        BANK0            000080-0000FF               80
        BANK1            000100-0001FF              100
        BANK2            000200-0002FF              100
        BIGRAM           000044-00005F               1C
                         000080-0002FF              280
        CODE             000004-003B1E             3B1B
        COMRAM           000044-00005F               1C
        CONST            000004-003B1E             3B1B
        EEDATA           F00000-F000FF              100
        MEDIUMCONST      000300-003B1E             381F
        RAM              000080-0002FF              100
        SFR              000F38-000FFF               28
        SMALLCONST       000300-003B1E              100
        STACK            000080-0002FF              280

                                  Symbol Table

_CONFIG_CURR              dataCOMRAM   000035
_EN_AA_CURR               bssCOMRAM    000021
_EN_RXADDR_CURR           dataCOMRAM   000036
_LATA                     (abs)        000F89
_LATAbits                 (abs)        000F89
_LATB                     (abs)        000F8A
_LATC                     (abs)        000F8B
_RF_CH_CURR               dataCOMRAM   000037
_RF_SETUP_CURR            dataCOMRAM   000038
_RX_ADDRESS               dataCOMRAM   00003C
_RX_PW_P0_CURR            dataCOMRAM   000039
_SETUP_AW_CURR            dataCOMRAM   00003A
_SETUP_RETR_CURR          dataCOMRAM   00003B
_SSP1ADD                  (abs)        000FC8
_SSP1BUF                  (abs)        000FC9
_SSP1CON1bits             (abs)        000FC6
_SSP1STATbits             (abs)        000FC7
_TRISA                    (abs)        000F92
_TRISB                    (abs)        000F93
_TRISC                    (abs)        000F94
_TX_ADDRESS               dataCOMRAM   000040
__CFG_BOREN$SBORDIS       (abs)        000000
__CFG_BORV$190            (abs)        000000
__CFG_CCP2MX$PORTC1       (abs)        000000
__CFG_CCP3MX$PORTB5       (abs)        000000
__CFG_FCMEN$OFF           (abs)        000000
__CFG_FOSC$HSHP           (abs)        000000
__CFG_HFOFST$ON           (abs)        000000
__CFG_IESO$OFF            (abs)        000000
__CFG_LVP$ON              (abs)        000000
__CFG_MCLRE$EXTMCLR       (abs)        000000
__CFG_P2BMX$PORTB5        (abs)        000000
__CFG_PBADEN$OFF          (abs)        000000
__CFG_PLLCFG$ON           (abs)        000000
__CFG_PRICLKEN$ON         (abs)        000000
__CFG_PWRTEN$ON           (abs)        000000
__CFG_STVREN$ON           (abs)        000000
__CFG_T3CMX$PORTC0        (abs)        000000
__CFG_WDTEN$OFF           (abs)        000000
__CFG_WDTPS$32768         (abs)        000000
__CFG_XINST$OFF           (abs)        000000
__HRAM                    (abs)        000000
__Habs1                   abs1         000000
__Hbank0                  bank0        000000
__Hbank1                  bank1        000000
__Hbank2                  bank2        000000
__Hbigbss                 bigbss       000000
__Hbigdata                bigdata      000000
__Hbigram                 bigram       000000
__Hbss                    bss          000000
__HbssBANK0               bssBANK0     000000
__HbssCOMRAM              bssCOMRAM    000000
__Hcinit                  cinit        000000
__Hclrtext                clrtext      000000
__Hcomram                 comram       000000
__Hconfig                 config       30000E
__Hconst                  const        000000
__HcstackCOMRAM           cstackCOMRAM 000000
__Hdata                   data         000000
__HdataCOMRAM             dataCOMRAM   000000
__Heeprom_data            eeprom_data  000000
__Hend_init               end_init     000004
__Hfarbss                 farbss       000000
__Hfardata                fardata      000000
__Hibigdata               ibigdata     000000
__Hidata                  idata        000000
__HidataCOMRAM            idataCOMRAM  000000
__Hidloc                  idloc        200008
__Hifardata               ifardata     000000
__Hinit                   init         000000
__Hintcode                intcode      000000
__Hintcode_body           intcode_body 000000
__Hintcodelo              intcodelo    000000
__Hintentry               intentry     000000
__Hintret                 intret       000000
__Hintsave_regs           intsave_regs 000000
__Hirdata                 irdata       000000
__Hmediumconst            mediumconst  000000
__HnvFARRAM               nvFARRAM     000000
__Hnvbit                  nvbit        000000
__Hnvrram                 nvrram       000000
__Hparam                  rparam       000000
__Hpowerup                powerup      000000
__Hram                    ram          000000
__Hramtop                 ramtop       000300
__Hrbit                   rbit         000000
__Hrbss                   rbss         000000
__Hrdata                  rdata        000000
__Hreset_vec              reset_vec    000000
__Hrparam                 rparam       000000
__Hsfr                    sfr          000000
__Hsmallconst             smallconst   000000
__Hspace_0                (abs)        30000E
__Hspace_1                (abs)        000080
__Hspace_2                (abs)        000000
__Hstack                  stack        000000
__Hstruct                 struct       000000
__Htemp                   temp         000000
__Htext                   text         000000
__Htext0                  text0        000000
__Htext1                  text1        000000
__Htext10                 text10       000000
__Htext11                 text11       000000
__Htext12                 text12       000000
__Htext2                  text2        000000
__Htext3                  text3        000000
__Htext4                  text4        000000
__Htext5                  text5        000000
__Htext6                  text6        000000
__Htext7                  text7        000000
__Htext8                  text8        000000
__Htext9                  text9        000000
__LRAM                    (abs)        000001
__Labs1                   abs1         000000
__Lbank0                  bank0        000000
__Lbank1                  bank1        000000
__Lbank2                  bank2        000000
__Lbigbss                 bigbss       000000
__Lbigdata                bigdata      000000
__Lbigram                 bigram       000000
__Lbss                    bss          000000
__LbssBANK0               bssBANK0     000000
__LbssCOMRAM              bssCOMRAM    000000
__Lcinit                  cinit        000000
__Lclrtext                clrtext      000000
__Lcomram                 comram       000000
__Lconfig                 config       300000
__Lconst                  const        000000
__LcstackCOMRAM           cstackCOMRAM 000000
__Ldata                   data         000000
__LdataCOMRAM             dataCOMRAM   000000
__Leeprom_data            eeprom_data  000000
__Lend_init               end_init     000000
__Lfarbss                 farbss       000000
__Lfardata                fardata      000000
__Libigdata               ibigdata     000000
__Lidata                  idata        000000
__LidataCOMRAM            idataCOMRAM  000000
__Lidloc                  idloc        200000
__Lifardata               ifardata     000000
__Linit                   init         000000
__Lintcode                intcode      000000
__Lintcode_body           intcode_body 000000
__Lintcodelo              intcodelo    000000
__Lintentry               intentry     000000
__Lintret                 intret       000000
__Lintsave_regs           intsave_regs 000000
__Lirdata                 irdata       000000
__Lmediumconst            mediumconst  000000
__LnvFARRAM               nvFARRAM     000000
__Lnvbit                  nvbit        000000
__Lnvrram                 nvrram       000000
__Lparam                  rparam       000000
__Lpowerup                powerup      000000
__Lram                    ram          000000
__Lramtop                 ramtop       000300
__Lrbit                   rbit         000000
__Lrbss                   rbss         000000
__Lrdata                  rdata        000000
__Lreset_vec              reset_vec    000000
__Lrparam                 rparam       000000
__Lsfr                    sfr          000000
__Lsmallconst             smallconst   000000
__Lspace_0                (abs)        000000
__Lspace_1                (abs)        000000
__Lspace_2                (abs)        000000
__Lstack                  stack        000000
__Lstruct                 struct       000000
__Ltemp                   temp         000000
__Ltext                   text         000000
__Ltext0                  text0        000000
__Ltext1                  text1        000000
__Ltext10                 text10       000000
__Ltext11                 text11       000000
__Ltext12                 text12       000000
__Ltext2                  text2        000000
__Ltext3                  text3        000000
__Ltext4                  text4        000000
__Ltext5                  text5        000000
__Ltext6                  text6        000000
__Ltext7                  text7        000000
__Ltext8                  text8        000000
__Ltext9                  text9        000000
__S0                      (abs)        30000E
__S1                      (abs)        000080
__S2                      (abs)        000000
___inthi_sp               stack        000000
___intlo_sp               stack        000000
___sp                     stack        000000
__accesstop               (abs)        000060
__activetblptr            (abs)        000000
__end_of__initialization  cinit        003C20
__end_of_delay10ms        text12       003BE8
__end_of_main             text0        003D58
__end_of_nrfConfig        text5        003E7E
__end_of_nrfConfigReg     text9        003C70
__end_of_nrfGetStatus     text4        003BAC
__end_of_nrfSetRXAddr     text8        003DD0
__end_of_nrfSetTXAddr     text7        003CE4
__end_of_nrfTXData        text3        003F36
__end_of_portConfig       text2        003B8A
__end_of_setCSN           text11       003B58
__end_of_spiConfig_1      text1        003B70
__end_of_spiTransfer      text6        004000
__end_of_spiTransferByte  text10       003B40
__initialization          cinit        003BE8
__mediumconst             mediumconst  000000
__pbssBANK0               bssBANK0     000060
__pbssCOMRAM              bssCOMRAM    000001
__pcinit                  cinit        003BE8
__pcstackCOMRAM           cstackCOMRAM 000023
__pdataCOMRAM             dataCOMRAM   000035
__pidataCOMRAM            idataCOMRAM  003B1F
__ptext0                  text0        003CE4
__ptext1                  text1        003B58
__ptext10                 text10       003B2E
__ptext11                 text11       003B40
__ptext12                 text12       003BAC
__ptext2                  text2        003B70
__ptext3                  text3        003E7E
__ptext4                  text4        003B8A
__ptext5                  text5        003DD0
__ptext6                  text6        003F36
__ptext7                  text7        003C70
__ptext8                  text8        003D58
__ptext9                  text9        003C26
__ramtop                  ramtop       000300
__size_of_delay10ms       (abs)        000000
__size_of_main            (abs)        000000
__size_of_nrfConfig       (abs)        000000
__size_of_nrfConfigReg    (abs)        000000
__size_of_nrfGetStatus    (abs)        000000
__size_of_nrfSetRXAddr    (abs)        000000
__size_of_nrfSetTXAddr    (abs)        000000
__size_of_nrfTXData       (abs)        000000
__size_of_portConfig      (abs)        000000
__size_of_setCSN          (abs)        000000
__size_of_spiConfig_1     (abs)        000000
__size_of_spiTransfer     (abs)        000000
__size_of_spiTransferByte (abs)        000000
__smallconst              smallconst   000000
_dataBufIn                bssBANK0     000060
_dataBufOut               bssCOMRAM    000001
_delay10ms                text12       003BAC
_main                     text0        003CE4
_nrfConfig                text5        003DD0
_nrfConfigReg             text9        003C26
_nrfGetStatus             text4        003B8A
_nrfSTATUS                bssCOMRAM    000022
_nrfSetRXAddr             text8        003D58
_nrfSetTXAddr             text7        003C70
_nrfTXData                text3        003E7E
_portConfig               text2        003B70
_setCSN                   text11       003B40
_spiConfig_1              text1        003B58
_spiTransfer              text6        003F36
_spiTransferByte          text10       003B2E
delay10ms@i               cstackCOMRAM 000026
delay10ms@ms_multi        cstackCOMRAM 000023
end_of_initialization     cinit        003C20
intlevel0                 text         000000
intlevel1                 text         000000
intlevel2                 text         000000
intlevel3                 text         000000
main@count                cstackCOMRAM 000033
nrfConfigReg@command      cstackCOMRAM 000025
nrfConfigReg@data         cstackCOMRAM 000026
nrfConfigReg@wr           cstackCOMRAM 000027
nrfSetRXAddr@addr         cstackCOMRAM 000025
nrfSetRXAddr@i            cstackCOMRAM 00002E
nrfSetRXAddr@len          cstackCOMRAM 000027
nrfSetRXAddr@pipe         cstackCOMRAM 00002D
nrfSetTXAddr@addr         cstackCOMRAM 000025
nrfSetTXAddr@i            cstackCOMRAM 00002D
nrfSetTXAddr@len          cstackCOMRAM 000027
nrfTXData@i               cstackCOMRAM 00002D
nrfTXData@i_556           cstackCOMRAM 00002B
nrfTXData@len             cstackCOMRAM 000025
setCSN@level              cstackCOMRAM 000023
spiTransfer@command       cstackCOMRAM 000025
spiTransfer@i             cstackCOMRAM 000031
spiTransfer@len           cstackCOMRAM 000026
spiTransfer@wrn           cstackCOMRAM 000030
spiTransferByte@data      cstackCOMRAM 000023
stackhi                   (abs)        0002FF
stacklo                   (abs)        000080
start                     init         000000
start_initialization      cinit        003BE8


FUNCTION INFORMATION:

 *************** function _main *****************
 Defined at:
		line 187 in file "main.c"
 Parameters:    Size  Location     Type
		None
 Auto vars:     Size  Location     Type
  count           2   16[COMRAM] int 
 Return value:  Size  Location     Type
		None               void
 Registers used:
		wreg, fsr1l, fsr1h, fsr2l, fsr2h, status,2, status,0, cstack
 Tracked objects:
		On entry : 
		On exit  : 
		Unchanged: 
 Data sizes:     COMRAM   BANK0   BANK1   BANK2
      Params:         0       0       0       0
      Locals:         2       0       0       0
      Temps:          0       0       0       0
      Totals:         2       0       0       0
Total ram usage:        2 bytes
 Hardware stack levels required when called:    3
 This function calls:
		_delay10ms
		_nrfConfig
		_nrfGetStatus
		_nrfTXData
		_portConfig
		_spiConfig_1
		_spiTransfer
 This function is called by:
		Startup code after reset
 This function uses a non-reentrant model


 *************** function _spiConfig_1 *****************
 Defined at:
		line 240 in file "main.c"
 Parameters:    Size  Location     Type
		None
 Auto vars:     Size  Location     Type
		None
 Return value:  Size  Location     Type
		None               void
 Registers used:
		wreg, status,2
 Tracked objects:
		On entry : 
		On exit  : 
		Unchanged: 
 Data sizes:     COMRAM   BANK0   BANK1   BANK2
      Params:         0       0       0       0
      Locals:         0       0       0       0
      Temps:          0       0       0       0
      Totals:         0       0       0       0
Total ram usage:        0 bytes
 Hardware stack levels used:    1
 This function calls:
		Nothing
 This function is called by:
		_main
 This function uses a non-reentrant model


 *************** function _portConfig *****************
 Defined at:
		line 226 in file "main.c"
 Parameters:    Size  Location     Type
		None
 Auto vars:     Size  Location     Type
		None
 Return value:  Size  Location     Type
		None               void
 Registers used:
		wreg, status,2
 Tracked objects:
		On entry : 
		On exit  : 
		Unchanged: 
 Data sizes:     COMRAM   BANK0   BANK1   BANK2
      Params:         0       0       0       0
      Locals:         0       0       0       0
      Temps:          0       0       0       0
      Totals:         0       0       0       0
Total ram usage:        0 bytes
 Hardware stack levels used:    1
 This function calls:
		Nothing
 This function is called by:
		_main
 This function uses a non-reentrant model


 *************** function _nrfTXData *****************
 Defined at:
		line 414 in file "main.c"
 Parameters:    Size  Location     Type
  len             2    2[COMRAM] int 
 Auto vars:     Size  Location     Type
  i               2   10[COMRAM] int 
  i               2    8[COMRAM] int 
 Return value:  Size  Location     Type
		None               void
 Registers used:
		wreg, fsr2l, fsr2h, status,2, status,0, cstack
 Tracked objects:
		On entry : 
		On exit  : 
		Unchanged: 
 Data sizes:     COMRAM   BANK0   BANK1   BANK2
      Params:         2       0       0       0
      Locals:         4       0       0       0
      Temps:          4       0       0       0
      Totals:        10       0       0       0
Total ram usage:       10 bytes
 Hardware stack levels used:    1
 Hardware stack levels required when called:    1
 This function calls:
		_setCSN
		_spiTransferByte
 This function is called by:
		_main
 This function uses a non-reentrant model


 *************** function _nrfGetStatus *****************
 Defined at:
		line 297 in file "main.c"
 Parameters:    Size  Location     Type
		None
 Auto vars:     Size  Location     Type
		None
 Return value:  Size  Location     Type
		None               void
 Registers used:
		wreg, status,2, status,0, cstack
 Tracked objects:
		On entry : 
		On exit  : 
		Unchanged: 
 Data sizes:     COMRAM   BANK0   BANK1   BANK2
      Params:         0       0       0       0
      Locals:         0       0       0       0
      Temps:          0       0       0       0
      Totals:         0       0       0       0
Total ram usage:        0 bytes
 Hardware stack levels used:    1
 Hardware stack levels required when called:    1
 This function calls:
		_setCSN
		_spiTransferByte
 This function is called by:
		_main
 This function uses a non-reentrant model


 *************** function _nrfConfig *****************
 Defined at:
		line 254 in file "main.c"
 Parameters:    Size  Location     Type
		None
 Auto vars:     Size  Location     Type
		None
 Return value:  Size  Location     Type
		None               void
 Registers used:
		wreg, fsr1l, fsr1h, fsr2l, fsr2h, status,2, status,0, cstack
 Tracked objects:
		On entry : 
		On exit  : 
		Unchanged: 
 Data sizes:     COMRAM   BANK0   BANK1   BANK2
      Params:         0       0       0       0
      Locals:         0       0       0       0
      Temps:          0       0       0       0
      Totals:         0       0       0       0
Total ram usage:        0 bytes
 Hardware stack levels used:    1
 Hardware stack levels required when called:    2
 This function calls:
		_nrfConfigReg
		_nrfSetRXAddr
		_nrfSetTXAddr
		_spiTransfer
 This function is called by:
		_main
 This function uses a non-reentrant model


 *************** function _spiTransfer *****************
 Defined at:
		line 377 in file "main.c"
 Parameters:    Size  Location     Type
  wrn             1    wreg     unsigned char 
  command         1    2[COMRAM] unsigned char 
  len             2    3[COMRAM] int 
 Auto vars:     Size  Location     Type
  wrn             1   13[COMRAM] unsigned char 
  i               2   14[COMRAM] int 
 Return value:  Size  Location     Type
		None               void
 Registers used:
		wreg, fsr1l, fsr1h, fsr2l, fsr2h, status,2, status,0, cstack
 Tracked objects:
		On entry : 
		On exit  : 
		Unchanged: 
 Data sizes:     COMRAM   BANK0   BANK1   BANK2
      Params:         3       0       0       0
      Locals:         3       0       0       0
      Temps:          8       0       0       0
      Totals:        14       0       0       0
Total ram usage:       14 bytes
 Hardware stack levels used:    1
 Hardware stack levels required when called:    1
 This function calls:
		_setCSN
		_spiTransferByte
 This function is called by:
		_main
		_nrfConfig
 This function uses a non-reentrant model


 *************** function _nrfSetTXAddr *****************
 Defined at:
		line 331 in file "main.c"
 Parameters:    Size  Location     Type
  addr            2    2[COMRAM] PTR unsigned char 
		 -> TX_ADDRESS(4), 
  len             2    4[COMRAM] int 
 Auto vars:     Size  Location     Type
  i               2   10[COMRAM] int 
 Return value:  Size  Location     Type
		None               void
 Registers used:
		wreg, fsr2l, fsr2h, status,2, status,0, cstack
 Tracked objects:
		On entry : 
		On exit  : 
		Unchanged: 
 Data sizes:     COMRAM   BANK0   BANK1   BANK2
      Params:         4       0       0       0
      Locals:         2       0       0       0
      Temps:          4       0       0       0
      Totals:        10       0       0       0
Total ram usage:       10 bytes
 Hardware stack levels used:    1
 Hardware stack levels required when called:    1
 This function calls:
		_setCSN
		_spiTransferByte
 This function is called by:
		_nrfConfig
 This function uses a non-reentrant model


 *************** function _nrfSetRXAddr *****************
 Defined at:
		line 353 in file "main.c"
 Parameters:    Size  Location     Type
  pipe            1    wreg     unsigned char 
  addr            2    2[COMRAM] PTR unsigned char 
		 -> RX_ADDRESS(4), 
  len             2    4[COMRAM] int 
 Auto vars:     Size  Location     Type
  pipe            1   10[COMRAM] unsigned char 
  i               2   11[COMRAM] int 
 Return value:  Size  Location     Type
		None               void
 Registers used:
		wreg, fsr2l, fsr2h, status,2, status,0, cstack
 Tracked objects:
		On entry : 
		On exit  : 
		Unchanged: 
 Data sizes:     COMRAM   BANK0   BANK1   BANK2
      Params:         4       0       0       0
      Locals:         3       0       0       0
      Temps:          4       0       0       0
      Totals:        11       0       0       0
Total ram usage:       11 bytes
 Hardware stack levels used:    1
 Hardware stack levels required when called:    1
 This function calls:
		_setCSN
		_spiTransferByte
 This function is called by:
		_nrfConfig
 This function uses a non-reentrant model


 *************** function _nrfConfigReg *****************
 Defined at:
		line 309 in file "main.c"
 Parameters:    Size  Location     Type
  wr              1    wreg     unsigned char 
  command         1    2[COMRAM] unsigned char 
  data            1    3[COMRAM] unsigned char 
 Auto vars:     Size  Location     Type
  wr              1    4[COMRAM] unsigned char 
 Return value:  Size  Location     Type
                  1    wreg      unsigned char 
 Registers used:
		wreg, status,2, status,0, cstack
 Tracked objects:
		On entry : 
		On exit  : 
		Unchanged: 
 Data sizes:     COMRAM   BANK0   BANK1   BANK2
      Params:         2       0       0       0
      Locals:         1       0       0       0
      Temps:          0       0       0       0
      Totals:         3       0       0       0
Total ram usage:        3 bytes
 Hardware stack levels used:    1
 Hardware stack levels required when called:    1
 This function calls:
		_setCSN
		_spiTransferByte
 This function is called by:
		_nrfConfig
 This function uses a non-reentrant model


 *************** function _spiTransferByte *****************
 Defined at:
		line 401 in file "main.c"
 Parameters:    Size  Location     Type
  data            1    wreg     unsigned char 
 Auto vars:     Size  Location     Type
  data            1    0[COMRAM] unsigned char 
 Return value:  Size  Location     Type
                  1    wreg      unsigned char 
 Registers used:
		wreg, status,2, cstack
 Tracked objects:
		On entry : 
		On exit  : 
		Unchanged: 
 Data sizes:     COMRAM   BANK0   BANK1   BANK2
      Params:         0       0       0       0
      Locals:         1       0       0       0
      Temps:          0       0       0       0
      Totals:         1       0       0       0
Total ram usage:        1 bytes
 Hardware stack levels used:    1
 This function calls:
		Nothing
 This function is called by:
		_nrfGetStatus
		_nrfConfigReg
		_nrfSetTXAddr
		_nrfSetRXAddr
		_spiTransfer
		_nrfTXData
 This function uses a non-reentrant model


 *************** function _setCSN *****************
 Defined at:
		line 283 in file "main.c"
 Parameters:    Size  Location     Type
  level           2    0[COMRAM] int 
 Auto vars:     Size  Location     Type
		None
 Return value:  Size  Location     Type
		None               void
 Registers used:
		wreg, status,2, status,0
 Tracked objects:
		On entry : 
		On exit  : 
		Unchanged: 
 Data sizes:     COMRAM   BANK0   BANK1   BANK2
      Params:         2       0       0       0
      Locals:         0       0       0       0
      Temps:          0       0       0       0
      Totals:         2       0       0       0
Total ram usage:        2 bytes
 Hardware stack levels used:    1
 This function calls:
		Nothing
 This function is called by:
		_nrfGetStatus
		_nrfConfigReg
		_nrfSetTXAddr
		_nrfSetRXAddr
		_spiTransfer
		_nrfTXData
 This function uses a non-reentrant model


 *************** function _delay10ms *****************
 Defined at:
		line 441 in file "main.c"
 Parameters:    Size  Location     Type
  ms_multi        2    0[COMRAM] int 
 Auto vars:     Size  Location     Type
  i               2    3[COMRAM] int 
 Return value:  Size  Location     Type
		None               void
 Registers used:
		wreg, status,2, status,0
 Tracked objects:
		On entry : 
		On exit  : 
		Unchanged: 
 Data sizes:     COMRAM   BANK0   BANK1   BANK2
      Params:         2       0       0       0
      Locals:         2       0       0       0
      Temps:          1       0       0       0
      Totals:         5       0       0       0
Total ram usage:        5 bytes
 Hardware stack levels used:    1
 This function calls:
		Nothing
 This function is called by:
		_main
 This function uses a non-reentrant model



MODULE INFORMATION

Module		Function		Class		Link	Load	Size
shared
		__initializatio		CODE           	3BE8	0000	56

shared estimated size: 56

main.c
		_nrfConfigReg  		CODE           	3C26	0000	74
		_spiConfig_1   		CODE           	3B58	0000	24
		_spiTransfer   		CODE           	3F36	0000	202
		_main          		CODE           	3CE4	0000	116
		_setCSN        		CODE           	3B40	0000	24
		_nrfSetTXAddr  		CODE           	3C70	0000	116
		_nrfTXData     		CODE           	3E7E	0000	184
		_nrfGetStatus  		CODE           	3B8A	0000	34
		_spiTransferByt		CODE           	3B2E	0000	18
		_portConfig    		CODE           	3B70	0000	26
		_nrfConfig     		CODE           	3DD0	0000	174
		_nrfSetRXAddr  		CODE           	3D58	0000	120
		_delay10ms     		CODE           	3BAC	0000	60

main.c estimated size: 1172

