Microchip MPLAB XC8 Compiler V1.33 ()

Linker command line:

--edf=C:\Program Files (x86)\Microchip\xc8\v1.33\dat\en_msgs.txt -cs \
  -h+dist/default/production\nRF24_TX.X.production.sym \
  --cmf=dist/default/production\nRF24_TX.X.production.cmf -z -Q18F24K22 \
  -oC:\Users\STUDEN~1.N20\AppData\Local\Temp\s308.6 \
  -Mdist/default/production/nRF24_TX.X.production.map -E1 -ver=XC8 \
  -ASTACK=080h-02ffh -pstack=STACK -ACODE=00h-03FFFh -ACONST=00h-03FFFh \
  -ASMALLCONST=0300h-03FFhx61 -AMEDIUMCONST=0300h-03FFFh -ACOMRAM=01h-05Fh \
  -AABS1=00h-02FFh -ABIGRAM=01h-02FFh -ARAM=060h-0FFh,0100h-01FFhx2 \
  -ABANK0=060h-0FFh -ABANK1=0100h-01FFh -ABANK2=0200h-02FFh \
  -ASFR=0F38h-0F5Fh,0F60h-0FFFh \
  -preset_vec=00h,intcode,intcodelo,powerup,init,end_init -pramtop=0300h \
  -psmallconst=SMALLCONST -pmediumconst=MEDIUMCONST -pconst=CONST \
  -AFARRAM=00h-00h -ACONFIG=0300000h-030000Dh -pconfig=CONFIG \
  -AIDLOC=0200000h-0200007h -pidloc=IDLOC -AEEDATA=0F00000h-0F000FFh \
  -peeprom_data=EEDATA \
  -prdata=COMRAM,nvrram=COMRAM,nvbit=COMRAM,rbss=COMRAM,rbit=COMRAM \
  -pfarbss=FARRAM,fardata=FARRAM,nvFARRAM=FARRAM \
  -pintsave_regs=BIGRAM,bigbss=BIGRAM,bigdata=BIGRAM -pbss=RAM \
  -pidata=CODE,irdata=CODE,ibigdata=CODE,ifardata=CODE \
  C:\Users\STUDEN~1.N20\AppData\Local\Temp\s308.obj \
  dist/default/production\nRF24_TX.X.production.obj 

Object code version is 3.11

Machine type is 18F24K22

Call graph: (short form)




                Name                               Link     Load   Length Selector   Space Scale
C:\Users\STUDEN~1.N20\AppData\Local\Temp\s308.obj
                end_init                              0        0        4        0       0
                idloc                            200000   200000        8   200000       0
                config                           300000   300000        E   300000       0
dist/default/production\nRF24_TX.X.production.obj
                text12                             3B66     3B66       3C     1DB3       0
                text11                             3AFA     3AFA       18     1D7D       0
                text10                             3AE8     3AE8       12     1D74       0
                text9                              3BE0     3BE0       4A     1DF0       0
                text8                              3C9E     3C9E       78     1E4F       0
                text7                              3C2A     3C2A       74     1E15       0
                text6                              3D96     3D96       CA     1ECB       0
                text5                              3F2E     3F2E       D2     1F97       0
                text4                              3B44     3B44       22     1DA2       0
                text3                              3D16     3D16       80     1E8B       0
                text2                              3B2A     3B2A       1A     1D95       0
                text1                              3B12     3B12       18     1D89       0
                text0                              3E60     3E60       CE     1F30       0
                cstackCOMRAM                         22       22       14        1       1
                bssBANK0                             60       60       20       60       1
                dataCOMRAM                           36       36       10        1       1
                bssCOMRAM                             1        1       21        1       1
                cinit                              3BA2     3BA2       3E     1DD1       0
                idataCOMRAM                        3AD8     3AD8       10     3AD8       0

TOTAL           Name                               Link     Load   Length     Space
        CLASS   STACK          

        CLASS   CODE           
                end_init                              0        0        4         0
                text12                             3B66     3B66       3C         0
                text11                             3AFA     3AFA       18         0
                text10                             3AE8     3AE8       12         0
                text9                              3BE0     3BE0       4A         0
                text8                              3C9E     3C9E       78         0
                text7                              3C2A     3C2A       74         0
                text6                              3D96     3D96       CA         0
                text5                              3F2E     3F2E       D2         0
                text4                              3B44     3B44       22         0
                text3                              3D16     3D16       80         0
                text2                              3B2A     3B2A       1A         0
                text1                              3B12     3B12       18         0
                text0                              3E60     3E60       CE         0
                cinit                              3BA2     3BA2       3E         0
                idataCOMRAM                        3AD8     3AD8       10         0

        CLASS   CONST          

        CLASS   SMALLCONST     

        CLASS   MEDIUMCONST    

        CLASS   COMRAM         
                cstackCOMRAM                         22       22       14         1
                dataCOMRAM                           36       36       10         1
                bssCOMRAM                             1        1       21         1

        CLASS   ABS1           

        CLASS   BIGRAM         

        CLASS   RAM            

        CLASS   BANK0          
                bssBANK0                             60       60       20         1

        CLASS   BANK1          

        CLASS   BANK2          

        CLASS   SFR            

        CLASS   FARRAM         

        CLASS   CONFIG         
                config                           300000   300000        E         0

        CLASS   IDLOC          
                idloc                            200000   200000        8         0

        CLASS   EEDATA         



SEGMENTS        Name                           Load    Length   Top    Selector   Space  Class

                reset_vec                      000000  000004  000004         0       0  CODE    
                bssCOMRAM                      000001  000045  000046         1       1  COMRAM  
                bssBANK0                       000060  000020  000080        60       1  BANK0   
                idataCOMRAM                    003AD8  000010  003AE8      3AD8       0  CODE    
                text10                         003AE8  000012  003AFA      1D74       0  CODE    
                text11                         003AFA  000018  003B12      1D7D       0  CODE    
                text1                          003B12  000018  003B2A      1D89       0  CODE    
                text2                          003B2A  00001A  003B44      1D95       0  CODE    
                text4                          003B44  000022  003B66      1DA2       0  CODE    
                text12                         003B66  00003C  003BA2      1DB3       0  CODE    
                cinit                          003BA2  00003E  003BE0      1DD1       0  CODE    
                text9                          003BE0  00004A  003C2A      1DF0       0  CODE    
                text7                          003C2A  000074  003C9E      1E15       0  CODE    
                text8                          003C9E  000078  003D16      1E4F       0  CODE    
                text3                          003D16  000080  003D96      1E8B       0  CODE    
                text6                          003D96  0000CA  003E60      1ECB       0  CODE    
                text0                          003E60  0000CE  003F2E      1F30       0  CODE    
                text5                          003F2E  0000D2  004000      1F97       0  CODE    
                idloc                          200000  000008  200008    200000       0  IDLOC   
                config                         300000  00000E  30000E    300000       0  CONFIG  


UNUSED ADDRESS RANGES

        Name                Unused          Largest block    Delta
        BANK0            000080-0000FF               80
        BANK1            000100-0001FF              100
        BANK2            000200-0002FF              100
        BIGRAM           000046-00005F               1A
                         000080-0002FF              280
        CODE             000004-003AD7             3AD4
        COMRAM           000046-00005F               1A
        CONST            000004-003AD7             3AD4
        EEDATA           F00000-F000FF              100
        MEDIUMCONST      000300-003AD7             37D8
        RAM              000080-0002FF              100
        SFR              000F38-000FFF               28
        SMALLCONST       000300-003AD7              100
        STACK            000080-0002FF              280

                                  Symbol Table

_CONFIG_CURR              dataCOMRAM   000036
_EN_AA_CURR               dataCOMRAM   000037
_EN_RXADDR_CURR           dataCOMRAM   000038
_LATA                     (abs)        000F89
_LATAbits                 (abs)        000F89
_LATB                     (abs)        000F8A
_LATC                     (abs)        000F8B
_RF_CH_CURR               dataCOMRAM   000039
_RF_SETUP_CURR            dataCOMRAM   00003A
_RX_ADDRESS               dataCOMRAM   00003E
_RX_PW_P0_CURR            dataCOMRAM   00003B
_SETUP_AW_CURR            dataCOMRAM   00003C
_SETUP_RETR_CURR          dataCOMRAM   00003D
_SSP1ADD                  (abs)        000FC8
_SSP1BUF                  (abs)        000FC9
_SSP1CON1bits             (abs)        000FC6
_SSP1STATbits             (abs)        000FC7
_TRISA                    (abs)        000F92
_TRISB                    (abs)        000F93
_TRISC                    (abs)        000F94
_TX_ADDRESS               dataCOMRAM   000042
__CFG_BOREN$SBORDIS       (abs)        000000
__CFG_BORV$190            (abs)        000000
__CFG_CCP2MX$PORTC1       (abs)        000000
__CFG_CCP3MX$PORTB5       (abs)        000000
__CFG_FCMEN$OFF           (abs)        000000
__CFG_FOSC$HSHP           (abs)        000000
__CFG_HFOFST$ON           (abs)        000000
__CFG_IESO$OFF            (abs)        000000
__CFG_LVP$ON              (abs)        000000
__CFG_MCLRE$EXTMCLR       (abs)        000000
__CFG_P2BMX$PORTB5        (abs)        000000
__CFG_PBADEN$OFF          (abs)        000000
__CFG_PLLCFG$ON           (abs)        000000
__CFG_PRICLKEN$ON         (abs)        000000
__CFG_PWRTEN$ON           (abs)        000000
__CFG_STVREN$ON           (abs)        000000
__CFG_T3CMX$PORTC0        (abs)        000000
__CFG_WDTEN$OFF           (abs)        000000
__CFG_WDTPS$32768         (abs)        000000
__CFG_XINST$OFF           (abs)        000000
__HRAM                    (abs)        000000
__Habs1                   abs1         000000
__Hbank0                  bank0        000000
__Hbank1                  bank1        000000
__Hbank2                  bank2        000000
__Hbigbss                 bigbss       000000
__Hbigdata                bigdata      000000
__Hbigram                 bigram       000000
__Hbss                    bss          000000
__HbssBANK0               bssBANK0     000000
__HbssCOMRAM              bssCOMRAM    000000
__Hcinit                  cinit        000000
__Hclrtext                clrtext      000000
__Hcomram                 comram       000000
__Hconfig                 config       30000E
__Hconst                  const        000000
__HcstackCOMRAM           cstackCOMRAM 000000
__Hdata                   data         000000
__HdataCOMRAM             dataCOMRAM   000000
__Heeprom_data            eeprom_data  000000
__Hend_init               end_init     000004
__Hfarbss                 farbss       000000
__Hfardata                fardata      000000
__Hibigdata               ibigdata     000000
__Hidata                  idata        000000
__HidataCOMRAM            idataCOMRAM  000000
__Hidloc                  idloc        200008
__Hifardata               ifardata     000000
__Hinit                   init         000000
__Hintcode                intcode      000000
__Hintcode_body           intcode_body 000000
__Hintcodelo              intcodelo    000000
__Hintentry               intentry     000000
__Hintret                 intret       000000
__Hintsave_regs           intsave_regs 000000
__Hirdata                 irdata       000000
__Hmediumconst            mediumconst  000000
__HnvFARRAM               nvFARRAM     000000
__Hnvbit                  nvbit        000000
__Hnvrram                 nvrram       000000
__Hparam                  rparam       000000
__Hpowerup                powerup      000000
__Hram                    ram          000000
__Hramtop                 ramtop       000300
__Hrbit                   rbit         000000
__Hrbss                   rbss         000000
__Hrdata                  rdata        000000
__Hreset_vec              reset_vec    000000
__Hrparam                 rparam       000000
__Hsfr                    sfr          000000
__Hsmallconst             smallconst   000000
__Hspace_0                (abs)        30000E
__Hspace_1                (abs)        000080
__Hspace_2                (abs)        000000
__Hstack                  stack        000000
__Hstruct                 struct       000000
__Htemp                   temp         000000
__Htext                   text         000000
__Htext0                  text0        000000
__Htext1                  text1        000000
__Htext10                 text10       000000
__Htext11                 text11       000000
__Htext12                 text12       000000
__Htext2                  text2        000000
__Htext3                  text3        000000
__Htext4                  text4        000000
__Htext5                  text5        000000
__Htext6                  text6        000000
__Htext7                  text7        000000
__Htext8                  text8        000000
__Htext9                  text9        000000
__LRAM                    (abs)        000001
__Labs1                   abs1         000000
__Lbank0                  bank0        000000
__Lbank1                  bank1        000000
__Lbank2                  bank2        000000
__Lbigbss                 bigbss       000000
__Lbigdata                bigdata      000000
__Lbigram                 bigram       000000
__Lbss                    bss          000000
__LbssBANK0               bssBANK0     000000
__LbssCOMRAM              bssCOMRAM    000000
__Lcinit                  cinit        000000
__Lclrtext                clrtext      000000
__Lcomram                 comram       000000
__Lconfig                 config       300000
__Lconst                  const        000000
__LcstackCOMRAM           cstackCOMRAM 000000
__Ldata                   data         000000
__LdataCOMRAM             dataCOMRAM   000000
__Leeprom_data            eeprom_data  000000
__Lend_init               end_init     000000
__Lfarbss                 farbss       000000
__Lfardata                fardata      000000
__Libigdata               ibigdata     000000
__Lidata                  idata        000000
__LidataCOMRAM            idataCOMRAM  000000
__Lidloc                  idloc        200000
__Lifardata               ifardata     000000
__Linit                   init         000000
__Lintcode                intcode      000000
__Lintcode_body           intcode_body 000000
__Lintcodelo              intcodelo    000000
__Lintentry               intentry     000000
__Lintret                 intret       000000
__Lintsave_regs           intsave_regs 000000
__Lirdata                 irdata       000000
__Lmediumconst            mediumconst  000000
__LnvFARRAM               nvFARRAM     000000
__Lnvbit                  nvbit        000000
__Lnvrram                 nvrram       000000
__Lparam                  rparam       000000
__Lpowerup                powerup      000000
__Lram                    ram          000000
__Lramtop                 ramtop       000300
__Lrbit                   rbit         000000
__Lrbss                   rbss         000000
__Lrdata                  rdata        000000
__Lreset_vec              reset_vec    000000
__Lrparam                 rparam       000000
__Lsfr                    sfr          000000
__Lsmallconst             smallconst   000000
__Lspace_0                (abs)        000000
__Lspace_1                (abs)        000000
__Lspace_2                (abs)        000000
__Lstack                  stack        000000
__Lstruct                 struct       000000
__Ltemp                   temp         000000
__Ltext                   text         000000
__Ltext0                  text0        000000
__Ltext1                  text1        000000
__Ltext10                 text10       000000
__Ltext11                 text11       000000
__Ltext12                 text12       000000
__Ltext2                  text2        000000
__Ltext3                  text3        000000
__Ltext4                  text4        000000
__Ltext5                  text5        000000
__Ltext6                  text6        000000
__Ltext7                  text7        000000
__Ltext8                  text8        000000
__Ltext9                  text9        000000
__S0                      (abs)        30000E
__S1                      (abs)        000080
__S2                      (abs)        000000
___inthi_sp               stack        000000
___intlo_sp               stack        000000
___sp                     stack        000000
__accesstop               (abs)        000060
__activetblptr            (abs)        000000
__end_of__initialization  cinit        003BDA
__end_of_delay10ms        text12       003BA2
__end_of_main             text0        003F2E
__end_of_nrfConfig        text5        004000
__end_of_nrfConfigReg     text9        003C2A
__end_of_nrfGetStatus     text4        003B66
__end_of_nrfSetRXAddr     text8        003D16
__end_of_nrfSetTXAddr     text7        003C9E
__end_of_nrfTXData        text3        003D96
__end_of_portConfig       text2        003B44
__end_of_setCSN           text11       003B12
__end_of_spiConfig_1      text1        003B2A
__end_of_spiTransfer      text6        003E60
__end_of_spiTransferByte  text10       003AFA
__initialization          cinit        003BA2
__mediumconst             mediumconst  000000
__pbssBANK0               bssBANK0     000060
__pbssCOMRAM              bssCOMRAM    000001
__pcinit                  cinit        003BA2
__pcstackCOMRAM           cstackCOMRAM 000022
__pdataCOMRAM             dataCOMRAM   000036
__pidataCOMRAM            idataCOMRAM  003AD8
__ptext0                  text0        003E60
__ptext1                  text1        003B12
__ptext10                 text10       003AE8
__ptext11                 text11       003AFA
__ptext12                 text12       003B66
__ptext2                  text2        003B2A
__ptext3                  text3        003D16
__ptext4                  text4        003B44
__ptext5                  text5        003F2E
__ptext6                  text6        003D96
__ptext7                  text7        003C2A
__ptext8                  text8        003C9E
__ptext9                  text9        003BE0
__ramtop                  ramtop       000300
__size_of_delay10ms       (abs)        000000
__size_of_main            (abs)        000000
__size_of_nrfConfig       (abs)        000000
__size_of_nrfConfigReg    (abs)        000000
__size_of_nrfGetStatus    (abs)        000000
__size_of_nrfSetRXAddr    (abs)        000000
__size_of_nrfSetTXAddr    (abs)        000000
__size_of_nrfTXData       (abs)        000000
__size_of_portConfig      (abs)        000000
__size_of_setCSN          (abs)        000000
__size_of_spiConfig_1     (abs)        000000
__size_of_spiTransfer     (abs)        000000
__size_of_spiTransferByte (abs)        000000
__smallconst              smallconst   000000
_dataBufIn                bssBANK0     000060
_dataBufOut               bssCOMRAM    000001
_delay10ms                text12       003B66
_main                     text0        003E60
_nrfConfig                text5        003F2E
_nrfConfigReg             text9        003BE0
_nrfGetStatus             text4        003B44
_nrfSTATUS                bssCOMRAM    000021
_nrfSetRXAddr             text8        003C9E
_nrfSetTXAddr             text7        003C2A
_nrfTXData                text3        003D16
_portConfig               text2        003B2A
_setCSN                   text11       003AFA
_spiConfig_1              text1        003B12
_spiTransfer              text6        003D96
_spiTransferByte          text10       003AE8
delay10ms@i               cstackCOMRAM 000025
delay10ms@ms_multi        cstackCOMRAM 000022
end_of_initialization     cinit        003BDA
intlevel0                 text         000000
intlevel1                 text         000000
intlevel2                 text         000000
intlevel3                 text         000000
main@count                cstackCOMRAM 000032
main@maxRTFlag            cstackCOMRAM 000034
main@txDSFlag             cstackCOMRAM 000035
nrfConfigReg@command      cstackCOMRAM 000024
nrfConfigReg@data         cstackCOMRAM 000025
nrfConfigReg@wr           cstackCOMRAM 000026
nrfSetRXAddr@addr         cstackCOMRAM 000024
nrfSetRXAddr@i            cstackCOMRAM 00002D
nrfSetRXAddr@len          cstackCOMRAM 000026
nrfSetRXAddr@pipe         cstackCOMRAM 00002C
nrfSetTXAddr@addr         cstackCOMRAM 000024
nrfSetTXAddr@i            cstackCOMRAM 00002C
nrfSetTXAddr@len          cstackCOMRAM 000026
nrfTXData@i               cstackCOMRAM 00002A
nrfTXData@len             cstackCOMRAM 000024
setCSN@level              cstackCOMRAM 000022
spiTransfer@command       cstackCOMRAM 000024
spiTransfer@i             cstackCOMRAM 000030
spiTransfer@len           cstackCOMRAM 000025
spiTransfer@wrn           cstackCOMRAM 00002F
spiTransferByte@data      cstackCOMRAM 000022
stackhi                   (abs)        0002FF
stacklo                   (abs)        000080
start                     init         000000
start_initialization      cinit        003BA2


FUNCTION INFORMATION:

 *************** function _main *****************
 Defined at:
		line 189 in file "main.c"
 Parameters:    Size  Location     Type
		None
 Auto vars:     Size  Location     Type
  txDSFlag        1   19[COMRAM] unsigned char 
  maxRTFlag       1   18[COMRAM] unsigned char 
  count           2   16[COMRAM] int 
 Return value:  Size  Location     Type
		None               void
 Registers used:
		wreg, fsr1l, fsr1h, fsr2l, fsr2h, status,2, status,0, cstack
 Tracked objects:
		On entry : 
		On exit  : 
		Unchanged: 
 Data sizes:     COMRAM   BANK0   BANK1   BANK2
      Params:         0       0       0       0
      Locals:         4       0       0       0
      Temps:          0       0       0       0
      Totals:         4       0       0       0
Total ram usage:        4 bytes
 Hardware stack levels required when called:    3
 This function calls:
		_delay10ms
		_nrfConfig
		_nrfGetStatus
		_nrfTXData
		_portConfig
		_spiConfig_1
		_spiTransfer
 This function is called by:
		Startup code after reset
 This function uses a non-reentrant model


 *************** function _spiConfig_1 *****************
 Defined at:
		line 258 in file "main.c"
 Parameters:    Size  Location     Type
		None
 Auto vars:     Size  Location     Type
		None
 Return value:  Size  Location     Type
		None               void
 Registers used:
		wreg, status,2
 Tracked objects:
		On entry : 
		On exit  : 
		Unchanged: 
 Data sizes:     COMRAM   BANK0   BANK1   BANK2
      Params:         0       0       0       0
      Locals:         0       0       0       0
      Temps:          0       0       0       0
      Totals:         0       0       0       0
Total ram usage:        0 bytes
 Hardware stack levels used:    1
 This function calls:
		Nothing
 This function is called by:
		_main
 This function uses a non-reentrant model


 *************** function _portConfig *****************
 Defined at:
		line 244 in file "main.c"
 Parameters:    Size  Location     Type
		None
 Auto vars:     Size  Location     Type
		None
 Return value:  Size  Location     Type
		None               void
 Registers used:
		wreg, status,2
 Tracked objects:
		On entry : 
		On exit  : 
		Unchanged: 
 Data sizes:     COMRAM   BANK0   BANK1   BANK2
      Params:         0       0       0       0
      Locals:         0       0       0       0
      Temps:          0       0       0       0
      Totals:         0       0       0       0
Total ram usage:        0 bytes
 Hardware stack levels used:    1
 This function calls:
		Nothing
 This function is called by:
		_main
 This function uses a non-reentrant model


 *************** function _nrfTXData *****************
 Defined at:
		line 436 in file "main.c"
 Parameters:    Size  Location     Type
  len             2    2[COMRAM] int 
 Auto vars:     Size  Location     Type
  i               2    8[COMRAM] int 
 Return value:  Size  Location     Type
		None               void
 Registers used:
		wreg, fsr2l, fsr2h, status,2, status,0, cstack
 Tracked objects:
		On entry : 
		On exit  : 
		Unchanged: 
 Data sizes:     COMRAM   BANK0   BANK1   BANK2
      Params:         2       0       0       0
      Locals:         2       0       0       0
      Temps:          4       0       0       0
      Totals:         8       0       0       0
Total ram usage:        8 bytes
 Hardware stack levels used:    1
 Hardware stack levels required when called:    1
 This function calls:
		_setCSN
		_spiTransferByte
 This function is called by:
		_main
 This function uses a non-reentrant model


 *************** function _nrfGetStatus *****************
 Defined at:
		line 319 in file "main.c"
 Parameters:    Size  Location     Type
		None
 Auto vars:     Size  Location     Type
		None
 Return value:  Size  Location     Type
		None               void
 Registers used:
		wreg, status,2, status,0, cstack
 Tracked objects:
		On entry : 
		On exit  : 
		Unchanged: 
 Data sizes:     COMRAM   BANK0   BANK1   BANK2
      Params:         0       0       0       0
      Locals:         0       0       0       0
      Temps:          0       0       0       0
      Totals:         0       0       0       0
Total ram usage:        0 bytes
 Hardware stack levels used:    1
 Hardware stack levels required when called:    1
 This function calls:
		_setCSN
		_spiTransferByte
 This function is called by:
		_main
 This function uses a non-reentrant model


 *************** function _nrfConfig *****************
 Defined at:
		line 272 in file "main.c"
 Parameters:    Size  Location     Type
		None
 Auto vars:     Size  Location     Type
		None
 Return value:  Size  Location     Type
		None               void
 Registers used:
		wreg, fsr1l, fsr1h, fsr2l, fsr2h, status,2, status,0, cstack
 Tracked objects:
		On entry : 
		On exit  : 
		Unchanged: 
 Data sizes:     COMRAM   BANK0   BANK1   BANK2
      Params:         0       0       0       0
      Locals:         0       0       0       0
      Temps:          0       0       0       0
      Totals:         0       0       0       0
Total ram usage:        0 bytes
 Hardware stack levels used:    1
 Hardware stack levels required when called:    2
 This function calls:
		_nrfConfigReg
		_nrfSetRXAddr
		_nrfSetTXAddr
		_spiTransfer
 This function is called by:
		_main
 This function uses a non-reentrant model


 *************** function _spiTransfer *****************
 Defined at:
		line 399 in file "main.c"
 Parameters:    Size  Location     Type
  wrn             1    wreg     unsigned char 
  command         1    2[COMRAM] unsigned char 
  len             2    3[COMRAM] int 
 Auto vars:     Size  Location     Type
  wrn             1   13[COMRAM] unsigned char 
  i               2   14[COMRAM] int 
 Return value:  Size  Location     Type
		None               void
 Registers used:
		wreg, fsr1l, fsr1h, fsr2l, fsr2h, status,2, status,0, cstack
 Tracked objects:
		On entry : 
		On exit  : 
		Unchanged: 
 Data sizes:     COMRAM   BANK0   BANK1   BANK2
      Params:         3       0       0       0
      Locals:         3       0       0       0
      Temps:          8       0       0       0
      Totals:        14       0       0       0
Total ram usage:       14 bytes
 Hardware stack levels used:    1
 Hardware stack levels required when called:    1
 This function calls:
		_setCSN
		_spiTransferByte
 This function is called by:
		_main
		_nrfConfig
 This function uses a non-reentrant model


 *************** function _nrfSetTXAddr *****************
 Defined at:
		line 353 in file "main.c"
 Parameters:    Size  Location     Type
  addr            2    2[COMRAM] PTR unsigned char 
		 -> TX_ADDRESS(4), 
  len             2    4[COMRAM] int 
 Auto vars:     Size  Location     Type
  i               2   10[COMRAM] int 
 Return value:  Size  Location     Type
		None               void
 Registers used:
		wreg, fsr2l, fsr2h, status,2, status,0, cstack
 Tracked objects:
		On entry : 
		On exit  : 
		Unchanged: 
 Data sizes:     COMRAM   BANK0   BANK1   BANK2
      Params:         4       0       0       0
      Locals:         2       0       0       0
      Temps:          4       0       0       0
      Totals:        10       0       0       0
Total ram usage:       10 bytes
 Hardware stack levels used:    1
 Hardware stack levels required when called:    1
 This function calls:
		_setCSN
		_spiTransferByte
 This function is called by:
		_nrfConfig
 This function uses a non-reentrant model


 *************** function _nrfSetRXAddr *****************
 Defined at:
		line 375 in file "main.c"
 Parameters:    Size  Location     Type
  pipe            1    wreg     unsigned char 
  addr            2    2[COMRAM] PTR unsigned char 
		 -> RX_ADDRESS(4), TX_ADDRESS(4), 
  len             2    4[COMRAM] int 
 Auto vars:     Size  Location     Type
  pipe            1   10[COMRAM] unsigned char 
  i               2   11[COMRAM] int 
 Return value:  Size  Location     Type
		None               void
 Registers used:
		wreg, fsr2l, fsr2h, status,2, status,0, cstack
 Tracked objects:
		On entry : 
		On exit  : 
		Unchanged: 
 Data sizes:     COMRAM   BANK0   BANK1   BANK2
      Params:         4       0       0       0
      Locals:         3       0       0       0
      Temps:          4       0       0       0
      Totals:        11       0       0       0
Total ram usage:       11 bytes
 Hardware stack levels used:    1
 Hardware stack levels required when called:    1
 This function calls:
		_setCSN
		_spiTransferByte
 This function is called by:
		_nrfConfig
 This function uses a non-reentrant model


 *************** function _nrfConfigReg *****************
 Defined at:
		line 331 in file "main.c"
 Parameters:    Size  Location     Type
  wr              1    wreg     unsigned char 
  command         1    2[COMRAM] unsigned char 
  data            1    3[COMRAM] unsigned char 
 Auto vars:     Size  Location     Type
  wr              1    4[COMRAM] unsigned char 
 Return value:  Size  Location     Type
                  1    wreg      unsigned char 
 Registers used:
		wreg, status,2, status,0, cstack
 Tracked objects:
		On entry : 
		On exit  : 
		Unchanged: 
 Data sizes:     COMRAM   BANK0   BANK1   BANK2
      Params:         2       0       0       0
      Locals:         1       0       0       0
      Temps:          0       0       0       0
      Totals:         3       0       0       0
Total ram usage:        3 bytes
 Hardware stack levels used:    1
 Hardware stack levels required when called:    1
 This function calls:
		_setCSN
		_spiTransferByte
 This function is called by:
		_nrfConfig
 This function uses a non-reentrant model


 *************** function _spiTransferByte *****************
 Defined at:
		line 423 in file "main.c"
 Parameters:    Size  Location     Type
  data            1    wreg     unsigned char 
 Auto vars:     Size  Location     Type
  data            1    0[COMRAM] unsigned char 
 Return value:  Size  Location     Type
                  1    wreg      unsigned char 
 Registers used:
		wreg, status,2, cstack
 Tracked objects:
		On entry : 
		On exit  : 
		Unchanged: 
 Data sizes:     COMRAM   BANK0   BANK1   BANK2
      Params:         0       0       0       0
      Locals:         1       0       0       0
      Temps:          0       0       0       0
      Totals:         1       0       0       0
Total ram usage:        1 bytes
 Hardware stack levels used:    1
 This function calls:
		Nothing
 This function is called by:
		_nrfGetStatus
		_nrfConfigReg
		_nrfSetTXAddr
		_nrfSetRXAddr
		_spiTransfer
		_nrfTXData
 This function uses a non-reentrant model


 *************** function _setCSN *****************
 Defined at:
		line 305 in file "main.c"
 Parameters:    Size  Location     Type
  level           2    0[COMRAM] int 
 Auto vars:     Size  Location     Type
		None
 Return value:  Size  Location     Type
		None               void
 Registers used:
		wreg, status,2, status,0
 Tracked objects:
		On entry : 
		On exit  : 
		Unchanged: 
 Data sizes:     COMRAM   BANK0   BANK1   BANK2
      Params:         2       0       0       0
      Locals:         0       0       0       0
      Temps:          0       0       0       0
      Totals:         2       0       0       0
Total ram usage:        2 bytes
 Hardware stack levels used:    1
 This function calls:
		Nothing
 This function is called by:
		_nrfGetStatus
		_nrfConfigReg
		_nrfSetTXAddr
		_nrfSetRXAddr
		_spiTransfer
		_nrfTXData
 This function uses a non-reentrant model


 *************** function _delay10ms *****************
 Defined at:
		line 463 in file "main.c"
 Parameters:    Size  Location     Type
  ms_multi        2    0[COMRAM] int 
 Auto vars:     Size  Location     Type
  i               2    3[COMRAM] int 
 Return value:  Size  Location     Type
		None               void
 Registers used:
		wreg, status,2, status,0
 Tracked objects:
		On entry : 
		On exit  : 
		Unchanged: 
 Data sizes:     COMRAM   BANK0   BANK1   BANK2
      Params:         2       0       0       0
      Locals:         2       0       0       0
      Temps:          1       0       0       0
      Totals:         5       0       0       0
Total ram usage:        5 bytes
 Hardware stack levels used:    1
 This function calls:
		Nothing
 This function is called by:
		_main
 This function uses a non-reentrant model



MODULE INFORMATION

Module		Function		Class		Link	Load	Size
shared
		__initializatio		CODE           	3BA2	0000	56

shared estimated size: 56

main.c
		_nrfConfigReg  		CODE           	3BE0	0000	74
		_spiConfig_1   		CODE           	3B12	0000	24
		_spiTransfer   		CODE           	3D96	0000	202
		_main          		CODE           	3E60	0000	206
		_setCSN        		CODE           	3AFA	0000	24
		_nrfSetTXAddr  		CODE           	3C2A	0000	116
		_nrfTXData     		CODE           	3D16	0000	128
		_nrfGetStatus  		CODE           	3B44	0000	34
		_spiTransferByt		CODE           	3AE8	0000	18
		_portConfig    		CODE           	3B2A	0000	26
		_nrfConfig     		CODE           	3F2E	0000	210
		_nrfSetRXAddr  		CODE           	3C9E	0000	120
		_delay10ms     		CODE           	3B66	0000	60

main.c estimated size: 1242

