Microchip MPLAB XC8 Compiler V1.33 ()

Linker command line:

--edf=C:\Program Files (x86)\Microchip\xc8\v1.33\dat\en_msgs.txt -cs \
  -h+dist/default/debug\nRF24_TX.X.debug.sym \
  --cmf=dist/default/debug\nRF24_TX.X.debug.cmf -z -Q18F24K22 \
  -oC:\Users\STUDEN~1.N20\AppData\Local\Temp\s2qk.6 \
  -Mdist/default/debug/nRF24_TX.X.debug.map -E1 -ver=XC8 -ASTACK=0BAh-02ffh \
  -pstack=STACK -ACODE=00h-03FFFh -ACONST=00h-03FFFh \
  -ASMALLCONST=0300h-03FFhx61 -AMEDIUMCONST=0300h-03FFFh -ACOMRAM=01h-05Fh \
  -AABS1=00h-02FFh -ABIGRAM=01h-02FFh -ARAM=060h-0FFh,0100h-01FFhx2 \
  -ABANK0=060h-0FFh -ABANK1=0100h-01FFh -ABANK2=0200h-02FFh \
  -ASFR=0F38h-0F5Fh,0F60h-0FFCh \
  -preset_vec=00h,intcode=08h,intcodelo=018h,powerup,init,end_init \
  -pramtop=0300h -psmallconst=SMALLCONST -pmediumconst=MEDIUMCONST \
  -pconst=CONST -AFARRAM=00h-00h -ACONFIG=0300000h-030000Dh -pconfig=CONFIG \
  -AIDLOC=0200000h-0200007h -pidloc=IDLOC -AEEDATA=0F00000h-0F000FFh \
  -peeprom_data=EEDATA \
  -prdata=COMRAM,nvrram=COMRAM,nvbit=COMRAM,rbss=COMRAM,rbit=COMRAM \
  -pfarbss=FARRAM,fardata=FARRAM,nvFARRAM=FARRAM \
  -pintsave_regs=BIGRAM,bigbss=BIGRAM,bigdata=BIGRAM -pbss=RAM \
  -pidata=CODE,irdata=CODE,ibigdata=CODE,ifardata=CODE \
  C:\Users\STUDEN~1.N20\AppData\Local\Temp\s2qk.obj \
  dist/default/debug\nRF24_TX.X.debug.obj 

Object code version is 3.11

Machine type is 18F24K22

Call graph: (short form)




                Name                               Link     Load   Length Selector   Space Scale
C:\Users\STUDEN~1.N20\AppData\Local\Temp\s2qk.obj
                end_init                             A2       A2        4        C       0
                reset_vec                             0        0        6        0       0
                idloc                            200000   200000        8   200000       0
                config                           300000   300000        E   300000       0
dist/default/debug\nRF24_TX.X.debug.obj
                intcodelo                            18       18       8A        C       0
                intcode                               8        8       10        4       0
                intcode_body                        59A      59A       72        C       0
                text14                              782      782       3C        C       0
                text13                              832      832       12        C       0
                text12                              866      866       10      42B       0
                text11                              856      856       10      42B       0
                text10                              738      738       4A        C       0
                text9                               67C      67C       60        C       0
                text8                               6DC      6DC       5C        C       0
                text7                               4FC      4FC       9E        C       0
                text6                               35C      35C       DC        C       0
                text5                               7F6      7F6       22        C       0
                text4                               60C      60C       70        C       0
                text3                               818      818       1A        C       0
                text2                               230      230      12C        C       0
                text1                               438      438       C4        C       0
                text0                                A6       A6      18A        C       0
                cstackCOMRAM                          1        1       2A        1       1
                cstackBANK0                          A2       A2       18       60       1
                bssBANK0                             60       60       42       60       1
                dataCOMRAM                           2B       2B       11        1       1
                bssCOMRAM                            3C       3C        3        1       1
                cinit                               7BE      7BE       38        C       0
                idataCOMRAM                         844      844       11        C       0

TOTAL           Name                               Link     Load   Length     Space
        CLASS   STACK          

        CLASS   CODE           
                end_init                             A2       A2        4         0
                intcodelo                            18       18       8A         0
                intcode                               8        8       10         0
                reset_vec                             0        0        6         0
                intcode_body                        59A      59A       72         0
                text14                              782      782       3C         0
                text13                              832      832       12         0
                text12                              866      866       10         0
                text11                              856      856       10         0
                text10                              738      738       4A         0
                text9                               67C      67C       60         0
                text8                               6DC      6DC       5C         0
                text7                               4FC      4FC       9E         0
                text6                               35C      35C       DC         0
                text5                               7F6      7F6       22         0
                text4                               60C      60C       70         0
                text3                               818      818       1A         0
                text2                               230      230      12C         0
                text1                               438      438       C4         0
                text0                                A6       A6      18A         0
                cinit                               7BE      7BE       38         0
                idataCOMRAM                         844      844       11         0

        CLASS   CONST          

        CLASS   SMALLCONST     

        CLASS   MEDIUMCONST    

        CLASS   COMRAM         
                cstackCOMRAM                          1        1       2A         1
                dataCOMRAM                           2B       2B       11         1
                bssCOMRAM                            3C       3C        3         1

        CLASS   ABS1           

        CLASS   BIGRAM         

        CLASS   RAM            

        CLASS   BANK0          
                cstackBANK0                          A2       A2       18         1
                bssBANK0                             60       60       42         1

        CLASS   BANK1          

        CLASS   BANK2          

        CLASS   SFR            

        CLASS   FARRAM         

        CLASS   CONFIG         
                config                           300000   300000        E         0

        CLASS   IDLOC          
                idloc                            200000   200000        8         0

        CLASS   EEDATA         



SEGMENTS        Name                           Load    Length   Top    Selector   Space  Class

                reset_vec                      000000  000006  000006         0       0  CODE    
                cstackCOMRAM                   000001  00003E  00003F         1       1  COMRAM  
                intcode                        000008  000010  000018         4       0  CODE    
                intcodelo                      000018  00083D  000855         C       0  CODE    
                bssBANK0                       000060  00005A  0000BA        60       1  BANK0   
                text11                         000856  000020  000876       42B       0  CODE    
                idloc                          200000  000008  200008    200000       0  IDLOC   
                config                         300000  00000E  30000E    300000       0  CONFIG  


UNUSED ADDRESS RANGES

        Name                Unused          Largest block    Delta
        BANK0            0000BA-0000FF               46
        BANK1            000100-0001FF              100
        BANK2            000200-0002FF              100
        BIGRAM           00003F-00005F               21
                         0000BA-0002FF              246
        CODE             000006-000007                2
                         000855-000855                1
                         000876-003FFF             378A
        COMRAM           00003F-00005F               21
        CONST            000006-000007                2
                         000855-000855                1
                         000876-003FFF             378A
        EEDATA           F00000-F000FF              100
        MEDIUMCONST      000855-000855                1
                         000876-003FFF             378A
        RAM              0000BA-0002FF              100
        SFR              000F38-000FFC               28
        SMALLCONST       000855-000855                1
                         000876-003FFF              100
        STACK            0000BA-0002FF              246

                                  Symbol Table

?___aldiv                 cstackCOMRAM 000020
_CONFIG_CURR              dataCOMRAM   00002B
_DYNPD_CURR               dataCOMRAM   00002C
_EN_AA_CURR               bssCOMRAM    00003C
_EN_RXADDR_CURR           dataCOMRAM   00002D
_FEATURE_CURR             dataCOMRAM   00002E
_INTCON2bits              (abs)        000FF1
_INTCONbits               (abs)        000FF2
_IOCBbits                 (abs)        000F62
_LATA                     (abs)        000F89
_LATAbits                 (abs)        000F89
_LATB                     (abs)        000F8A
_LATC                     (abs)        000F8B
_PIR1bits                 (abs)        000F9E
_RCONbits                 (abs)        000FD0
_RF_CH_CURR               dataCOMRAM   00002F
_RF_SETUP_CURR            dataCOMRAM   000030
_RX_ADDRESS               dataCOMRAM   000034
_RX_PW_P0_CURR            dataCOMRAM   000031
_SETUP_AW_CURR            dataCOMRAM   000032
_SETUP_RETR_CURR          dataCOMRAM   000033
_SSP1ADD                  (abs)        000FC8
_SSP1BUF                  (abs)        000FC9
_SSP1CON1bits             (abs)        000FC6
_SSP1STATbits             (abs)        000FC7
_TRISA                    (abs)        000F92
_TRISB                    (abs)        000F93
_TRISC                    (abs)        000F94
_TX_ADDRESS               dataCOMRAM   000038
__CFG_BOREN$SBORDIS       (abs)        000000
__CFG_BORV$190            (abs)        000000
__CFG_CCP2MX$PORTC1       (abs)        000000
__CFG_CCP3MX$PORTB5       (abs)        000000
__CFG_FCMEN$OFF           (abs)        000000
__CFG_FOSC$HSHP           (abs)        000000
__CFG_HFOFST$ON           (abs)        000000
__CFG_IESO$OFF            (abs)        000000
__CFG_LVP$ON              (abs)        000000
__CFG_MCLRE$EXTMCLR       (abs)        000000
__CFG_P2BMX$PORTB5        (abs)        000000
__CFG_PBADEN$OFF          (abs)        000000
__CFG_PLLCFG$ON           (abs)        000000
__CFG_PRICLKEN$ON         (abs)        000000
__CFG_PWRTEN$ON           (abs)        000000
__CFG_STVREN$ON           (abs)        000000
__CFG_T3CMX$PORTC0        (abs)        000000
__CFG_WDTEN$OFF           (abs)        000000
__CFG_WDTPS$32768         (abs)        000000
__CFG_XINST$OFF           (abs)        000000
__HRAM                    (abs)        000000
__Habs1                   abs1         000000
__Hbank0                  bank0        000000
__Hbank1                  bank1        000000
__Hbank2                  bank2        000000
__Hbigbss                 bigbss       000000
__Hbigdata                bigdata      000000
__Hbigram                 bigram       000000
__Hbss                    bss          000000
__HbssBANK0               bssBANK0     000000
__HbssCOMRAM              bssCOMRAM    000000
__Hcinit                  cinit        000000
__Hclrtext                clrtext      000000
__Hcomram                 comram       000000
__Hconfig                 config       30000E
__Hconst                  const        000000
__HcstackBANK0            cstackBANK0  000000
__HcstackCOMRAM           cstackCOMRAM 000000
__Hdata                   data         000000
__HdataCOMRAM             dataCOMRAM   000000
__Heeprom_data            eeprom_data  000000
__Hend_init               end_init     0000A6
__Hfarbss                 farbss       000000
__Hfardata                fardata      000000
__Hibigdata               ibigdata     000000
__Hidata                  idata        000000
__HidataCOMRAM            idataCOMRAM  000000
__Hidloc                  idloc        200008
__Hifardata               ifardata     000000
__Hinit                   init         0000A2
__Hintcode                intcode      000018
__Hintcode_body           intcode_body 000000
__Hintcodelo              intcodelo    0000A2
__Hintentry               intentry     000000
__Hintret                 intret       000000
__Hintsave_regs           intsave_regs 000000
__Hirdata                 irdata       000000
__Hmediumconst            mediumconst  000000
__HnvFARRAM               nvFARRAM     000000
__Hnvbit                  nvbit        000000
__Hnvrram                 nvrram       000000
__Hparam                  rparam       000000
__Hpowerup                powerup      0000A2
__Hram                    ram          000000
__Hramtop                 ramtop       000300
__Hrbit                   rbit         000000
__Hrbss                   rbss         000000
__Hrdata                  rdata        000000
__Hreset_vec              reset_vec    000006
__Hrparam                 rparam       000000
__Hsfr                    sfr          000000
__Hsmallconst             smallconst   000000
__Hspace_0                (abs)        30000E
__Hspace_1                (abs)        0000BA
__Hspace_2                (abs)        000000
__Hstack                  stack        000000
__Hstruct                 struct       000000
__Htemp                   temp         000000
__Htext                   text         000000
__Htext0                  text0        000000
__Htext1                  text1        000000
__Htext10                 text10       000000
__Htext11                 text11       000000
__Htext12                 text12       000000
__Htext13                 text13       000000
__Htext14                 text14       000000
__Htext2                  text2        000000
__Htext3                  text3        000000
__Htext4                  text4        000000
__Htext5                  text5        000000
__Htext6                  text6        000000
__Htext7                  text7        000000
__Htext8                  text8        000000
__Htext9                  text9        000000
__LRAM                    (abs)        000001
__Labs1                   abs1         000000
__Lbank0                  bank0        000000
__Lbank1                  bank1        000000
__Lbank2                  bank2        000000
__Lbigbss                 bigbss       000000
__Lbigdata                bigdata      000000
__Lbigram                 bigram       000000
__Lbss                    bss          000000
__LbssBANK0               bssBANK0     000000
__LbssCOMRAM              bssCOMRAM    000000
__Lcinit                  cinit        000000
__Lclrtext                clrtext      000000
__Lcomram                 comram       000000
__Lconfig                 config       300000
__Lconst                  const        000000
__LcstackBANK0            cstackBANK0  000000
__LcstackCOMRAM           cstackCOMRAM 000000
__Ldata                   data         000000
__LdataCOMRAM             dataCOMRAM   000000
__Leeprom_data            eeprom_data  000000
__Lend_init               end_init     0000A2
__Lfarbss                 farbss       000000
__Lfardata                fardata      000000
__Libigdata               ibigdata     000000
__Lidata                  idata        000000
__LidataCOMRAM            idataCOMRAM  000000
__Lidloc                  idloc        200000
__Lifardata               ifardata     000000
__Linit                   init         0000A2
__Lintcode                intcode      000008
__Lintcode_body           intcode_body 000000
__Lintcodelo              intcodelo    000018
__Lintentry               intentry     000000
__Lintret                 intret       000000
__Lintsave_regs           intsave_regs 000000
__Lirdata                 irdata       000000
__Lmediumconst            mediumconst  000000
__LnvFARRAM               nvFARRAM     000000
__Lnvbit                  nvbit        000000
__Lnvrram                 nvrram       000000
__Lparam                  rparam       000000
__Lpowerup                powerup      0000A2
__Lram                    ram          000000
__Lramtop                 ramtop       000300
__Lrbit                   rbit         000000
__Lrbss                   rbss         000000
__Lrdata                  rdata        000000
__Lreset_vec              reset_vec    000000
__Lrparam                 rparam       000000
__Lsfr                    sfr          000000
__Lsmallconst             smallconst   000000
__Lspace_0                (abs)        000000
__Lspace_1                (abs)        000000
__Lspace_2                (abs)        000000
__Lstack                  stack        000000
__Lstruct                 struct       000000
__Ltemp                   temp         000000
__Ltext                   text         000000
__Ltext0                  text0        000000
__Ltext1                  text1        000000
__Ltext10                 text10       000000
__Ltext11                 text11       000000
__Ltext12                 text12       000000
__Ltext13                 text13       000000
__Ltext14                 text14       000000
__Ltext2                  text2        000000
__Ltext3                  text3        000000
__Ltext4                  text4        000000
__Ltext5                  text5        000000
__Ltext6                  text6        000000
__Ltext7                  text7        000000
__Ltext8                  text8        000000
__Ltext9                  text9        000000
__S0                      (abs)        30000E
__S1                      (abs)        0000BA
__S2                      (abs)        000000
___aldiv                  text2        000230
___aldiv@counter          cstackBANK0  0000A2
___aldiv@dividend         cstackCOMRAM 000020
___aldiv@divisor          cstackCOMRAM 000024
___aldiv@quotient         cstackBANK0  0000A4
___aldiv@sign             cstackBANK0  0000A3
___inthi_sp               stack        000000
___intlo_sp               stack        000000
___sp                     stack        000000
__accesstop               (abs)        000060
__activetblptr            (abs)        000000
__end_of___aldiv          text2        00035C
__end_of__initialization  cinit        0007F0
__end_of_delay10ms        text14       0007BE
__end_of_highISR          intcode_body 00060C
__end_of_intConfig        text13       000844
__end_of_lowISR           intcodelo    0000A2
__end_of_main             text0        000230
__end_of_nrfConfig        text6        000438
__end_of_nrfConfigReg     text10       000782
__end_of_nrfGetStatus     text5        000818
__end_of_nrfSetRXAddr     text9        0006DC
__end_of_nrfSetTXAddr     text8        000738
__end_of_nrfTXData        text4        00067C
__end_of_portConfig       text3        000832
__end_of_setCSN           text12       000876
__end_of_spiConfig_1      text1        0004FC
__end_of_spiTransfer      text7        00059A
__end_of_spiTransferByte  text11       000866
__initialization          cinit        0007BE
__mediumconst             mediumconst  000000
__pbssBANK0               bssBANK0     000060
__pbssCOMRAM              bssCOMRAM    00003C
__pcinit                  cinit        0007BE
__pcstackBANK0            cstackBANK0  0000A2
__pcstackCOMRAM           cstackCOMRAM 000001
__pdataCOMRAM             dataCOMRAM   00002B
__pidataCOMRAM            idataCOMRAM  000844
__pintcode                intcode      000008
__pintcode_body           intcode_body 00059A
__pintcodelo              intcodelo    000018
__ptext0                  text0        0000A6
__ptext1                  text1        000438
__ptext10                 text10       000738
__ptext11                 text11       000856
__ptext12                 text12       000866
__ptext13                 text13       000832
__ptext14                 text14       000782
__ptext2                  text2        000230
__ptext3                  text3        000818
__ptext4                  text4        00060C
__ptext5                  text5        0007F6
__ptext6                  text6        00035C
__ptext7                  text7        0004FC
__ptext8                  text8        0006DC
__ptext9                  text9        00067C
__ramtop                  ramtop       000300
__size_of___aldiv         (abs)        000000
__size_of_delay10ms       (abs)        000000
__size_of_highISR         (abs)        000000
__size_of_intConfig       (abs)        000000
__size_of_lowISR          (abs)        000000
__size_of_main            (abs)        000000
__size_of_nrfConfig       (abs)        000000
__size_of_nrfConfigReg    (abs)        000000
__size_of_nrfGetStatus    (abs)        000000
__size_of_nrfSetRXAddr    (abs)        000000
__size_of_nrfSetTXAddr    (abs)        000000
__size_of_nrfTXData       (abs)        000000
__size_of_portConfig      (abs)        000000
__size_of_setCSN          (abs)        000000
__size_of_spiConfig_1     (abs)        000000
__size_of_spiTransfer     (abs)        000000
__size_of_spiTransferByte (abs)        000000
__smallconst              smallconst   000000
_dataBufIn                bssBANK0     000060
_dataBufOut               bssBANK0     000080
_delay10ms                text14       000782
_highISR                  intcode      000008
_intConfig                text13       000832
_lowISR                   intcodelo    000018
_main                     text0        0000A6
_nrfBusy                  bssBANK0     0000A0
_nrfConfig                text6        00035C
_nrfConfigReg             text10       000738
_nrfGetStatus             text5        0007F6
_nrfInterrupt             bssBANK0     0000A1
_nrfSTATUS                bssCOMRAM    00003D
_nrfSetRXAddr             text9        00067C
_nrfSetTXAddr             text8        0006DC
_nrfTXData                text4        00060C
_portConfig               text3        000818
_setCSN                   text12       000866
_spiConfig_1              text1        000438
_spiConfig_1$1331         cstackBANK0  0000AC
_spiConfig_1$1332         cstackBANK0  0000B0
_spiTXFlag                bssCOMRAM    00003E
_spiTransfer              text7        0004FC
_spiTransferByte          text11       000856
delay10ms@i               cstackCOMRAM 000023
delay10ms@ms_multi        cstackCOMRAM 000020
end_of_initialization     cinit        0007F0
int_func                  intcode_body 00059A
intlevel0                 text         000000
intlevel1                 text         000000
intlevel2                 text         000000
intlevel3                 text         000000
main@TXtime               cstackBANK0  0000B8
main@count                cstackBANK0  0000B6
nrfConfigReg@command      cstackCOMRAM 000022
nrfConfigReg@data         cstackCOMRAM 000023
nrfConfigReg@wr           cstackCOMRAM 000024
nrfSetRXAddr@addr         cstackCOMRAM 000022
nrfSetRXAddr@i            cstackCOMRAM 000028
nrfSetRXAddr@len          cstackCOMRAM 000024
nrfSetRXAddr@pipe         cstackCOMRAM 000027
nrfSetTXAddr@addr         cstackCOMRAM 000022
nrfSetTXAddr@i            cstackCOMRAM 000027
nrfSetTXAddr@len          cstackCOMRAM 000024
nrfTXData@i               cstackCOMRAM 000025
nrfTXData@len             cstackCOMRAM 000022
setCSN@level              cstackCOMRAM 000020
spiConfig_1@addVal        cstackBANK0  0000B4
spiConfig_1@spiSpeed      cstackCOMRAM 000028
spiTransfer@command       cstackCOMRAM 000022
spiTransfer@i             cstackCOMRAM 000027
spiTransfer@len           cstackCOMRAM 000023
spiTransfer@wrn           cstackCOMRAM 000026
spiTransferByte@data      cstackCOMRAM 000020
stackhi                   (abs)        0002FF
stacklo                   (abs)        0000BA
start                     init         0000A2
start_initialization      cinit        0007BE


FUNCTION INFORMATION:

 *************** function _main *****************
 Defined at:
		line 202 in file "main.c"
 Parameters:    Size  Location     Type
		None
 Auto vars:     Size  Location     Type
  TXtime          2   22[BANK0 ] int 
  count           2   20[BANK0 ] int 
 Return value:  Size  Location     Type
		None               void
 Registers used:
		wreg, fsr1l, fsr1h, fsr2l, fsr2h, status,2, status,0, cstack
 Tracked objects:
		On entry : 
		On exit  : 
		Unchanged: 
 Data sizes:     COMRAM   BANK0   BANK1   BANK2
      Params:         0       0       0       0
      Locals:         0       4       0       0
      Temps:          1       0       0       0
      Totals:         1       4       0       0
Total ram usage:        5 bytes
 Hardware stack levels required when called:    5
 This function calls:
		_delay10ms
		_intConfig
		_nrfConfig
		_nrfGetStatus
		_nrfTXData
		_portConfig
		_spiConfig_1
		_spiTransfer
 This function is called by:
		Startup code after reset
 This function uses a non-reentrant model


 *************** function _spiConfig_1 *****************
 Defined at:
		line 335 in file "main.c"
 Parameters:    Size  Location     Type
  spiSpeed        2   39[COMRAM] unsigned int 
 Auto vars:     Size  Location     Type
  addVal          2   18[BANK0 ] unsigned int 
 Return value:  Size  Location     Type
		None               void
 Registers used:
		wreg, status,2, status,0, cstack
 Tracked objects:
		On entry : 
		On exit  : 
		Unchanged: 
 Data sizes:     COMRAM   BANK0   BANK1   BANK2
      Params:         2       0       0       0
      Locals:         0      10       0       0
      Temps:          0       4       0       0
      Totals:         2      14       0       0
Total ram usage:       16 bytes
 Hardware stack levels used:    1
 Hardware stack levels required when called:    3
 This function calls:
		___aldiv
 This function is called by:
		_main
 This function uses a non-reentrant model


 *************** function ___aldiv *****************
 Defined at:
		line 8 in file "C:\Program Files (x86)\Microchip\xc8\v1.33\sources\common\aldiv.c"
 Parameters:    Size  Location     Type
  dividend        4   31[COMRAM] long 
  divisor         4   35[COMRAM] long 
 Auto vars:     Size  Location     Type
  quotient        4    2[BANK0 ] long 
  sign            1    1[BANK0 ] unsigned char 
  counter         1    0[BANK0 ] unsigned char 
 Return value:  Size  Location     Type
                  4   31[COMRAM] long 
 Registers used:
		wreg, status,2, status,0
 Tracked objects:
		On entry : 
		On exit  : 
		Unchanged: 
 Data sizes:     COMRAM   BANK0   BANK1   BANK2
      Params:         8       0       0       0
      Locals:         0       6       0       0
      Temps:          0       0       0       0
      Totals:         8       6       0       0
Total ram usage:       14 bytes
 Hardware stack levels used:    1
 Hardware stack levels required when called:    2
 This function calls:
		Nothing
 This function is called by:
		_spiConfig_1
 This function uses a non-reentrant model


 *************** function _portConfig *****************
 Defined at:
		line 321 in file "main.c"
 Parameters:    Size  Location     Type
		None
 Auto vars:     Size  Location     Type
		None
 Return value:  Size  Location     Type
		None               void
 Registers used:
		wreg, status,2
 Tracked objects:
		On entry : 
		On exit  : 
		Unchanged: 
 Data sizes:     COMRAM   BANK0   BANK1   BANK2
      Params:         0       0       0       0
      Locals:         0       0       0       0
      Temps:          0       0       0       0
      Totals:         0       0       0       0
Total ram usage:        0 bytes
 Hardware stack levels used:    1
 Hardware stack levels required when called:    2
 This function calls:
		Nothing
 This function is called by:
		_main
 This function uses a non-reentrant model


 *************** function _nrfTXData *****************
 Defined at:
		line 520 in file "main.c"
 Parameters:    Size  Location     Type
  len             2   33[COMRAM] int 
 Auto vars:     Size  Location     Type
  i               2   36[COMRAM] int 
 Return value:  Size  Location     Type
		None               void
 Registers used:
		wreg, fsr2l, fsr2h, status,2, status,0, cstack
 Tracked objects:
		On entry : 
		On exit  : 
		Unchanged: 
 Data sizes:     COMRAM   BANK0   BANK1   BANK2
      Params:         2       0       0       0
      Locals:         2       0       0       0
      Temps:          1       0       0       0
      Totals:         5       0       0       0
Total ram usage:        5 bytes
 Hardware stack levels used:    1
 Hardware stack levels required when called:    3
 This function calls:
		_setCSN
		_spiTransferByte
 This function is called by:
		_main
 This function uses a non-reentrant model


 *************** function _nrfGetStatus *****************
 Defined at:
		line 402 in file "main.c"
 Parameters:    Size  Location     Type
		None
 Auto vars:     Size  Location     Type
		None
 Return value:  Size  Location     Type
		None               void
 Registers used:
		wreg, status,2, status,0, cstack
 Tracked objects:
		On entry : 
		On exit  : 
		Unchanged: 
 Data sizes:     COMRAM   BANK0   BANK1   BANK2
      Params:         0       0       0       0
      Locals:         0       0       0       0
      Temps:          0       0       0       0
      Totals:         0       0       0       0
Total ram usage:        0 bytes
 Hardware stack levels used:    1
 Hardware stack levels required when called:    3
 This function calls:
		_setCSN
		_spiTransferByte
 This function is called by:
		_main
 This function uses a non-reentrant model


 *************** function _nrfConfig *****************
 Defined at:
		line 354 in file "main.c"
 Parameters:    Size  Location     Type
		None
 Auto vars:     Size  Location     Type
		None
 Return value:  Size  Location     Type
		None               void
 Registers used:
		wreg, fsr1l, fsr1h, fsr2l, fsr2h, status,2, status,0, cstack
 Tracked objects:
		On entry : 
		On exit  : 
		Unchanged: 
 Data sizes:     COMRAM   BANK0   BANK1   BANK2
      Params:         0       0       0       0
      Locals:         0       0       0       0
      Temps:          0       0       0       0
      Totals:         0       0       0       0
Total ram usage:        0 bytes
 Hardware stack levels used:    1
 Hardware stack levels required when called:    4
 This function calls:
		_nrfConfigReg
		_nrfSetRXAddr
		_nrfSetTXAddr
		_spiTransfer
 This function is called by:
		_main
 This function uses a non-reentrant model


 *************** function _spiTransfer *****************
 Defined at:
		line 482 in file "main.c"
 Parameters:    Size  Location     Type
  wrn             1    wreg     unsigned char 
  command         1   33[COMRAM] unsigned char 
  len             2   34[COMRAM] int 
 Auto vars:     Size  Location     Type
  wrn             1   37[COMRAM] unsigned char 
  i               2   38[COMRAM] int 
 Return value:  Size  Location     Type
		None               void
 Registers used:
		wreg, fsr1l, fsr1h, fsr2l, fsr2h, status,2, status,0, cstack
 Tracked objects:
		On entry : 
		On exit  : 
		Unchanged: 
 Data sizes:     COMRAM   BANK0   BANK1   BANK2
      Params:         3       0       0       0
      Locals:         3       0       0       0
      Temps:          1       0       0       0
      Totals:         7       0       0       0
Total ram usage:        7 bytes
 Hardware stack levels used:    1
 Hardware stack levels required when called:    3
 This function calls:
		_setCSN
		_spiTransferByte
 This function is called by:
		_main
		_nrfConfig
 This function uses a non-reentrant model


 *************** function _nrfSetTXAddr *****************
 Defined at:
		line 436 in file "main.c"
 Parameters:    Size  Location     Type
  addr            2   33[COMRAM] PTR unsigned char 
		 -> TX_ADDRESS(4), 
  len             2   35[COMRAM] int 
 Auto vars:     Size  Location     Type
  i               2   38[COMRAM] int 
 Return value:  Size  Location     Type
		None               void
 Registers used:
		wreg, fsr2l, fsr2h, status,2, status,0, cstack
 Tracked objects:
		On entry : 
		On exit  : 
		Unchanged: 
 Data sizes:     COMRAM   BANK0   BANK1   BANK2
      Params:         4       0       0       0
      Locals:         2       0       0       0
      Temps:          1       0       0       0
      Totals:         7       0       0       0
Total ram usage:        7 bytes
 Hardware stack levels used:    1
 Hardware stack levels required when called:    3
 This function calls:
		_setCSN
		_spiTransferByte
 This function is called by:
		_nrfConfig
 This function uses a non-reentrant model


 *************** function _nrfSetRXAddr *****************
 Defined at:
		line 458 in file "main.c"
 Parameters:    Size  Location     Type
  pipe            1    wreg     unsigned char 
  addr            2   33[COMRAM] PTR unsigned char 
		 -> RX_ADDRESS(4), 
  len             2   35[COMRAM] int 
 Auto vars:     Size  Location     Type
  pipe            1   38[COMRAM] unsigned char 
  i               2   39[COMRAM] int 
 Return value:  Size  Location     Type
		None               void
 Registers used:
		wreg, fsr2l, fsr2h, status,2, status,0, cstack
 Tracked objects:
		On entry : 
		On exit  : 
		Unchanged: 
 Data sizes:     COMRAM   BANK0   BANK1   BANK2
      Params:         4       0       0       0
      Locals:         3       0       0       0
      Temps:          1       0       0       0
      Totals:         8       0       0       0
Total ram usage:        8 bytes
 Hardware stack levels used:    1
 Hardware stack levels required when called:    3
 This function calls:
		_setCSN
		_spiTransferByte
 This function is called by:
		_nrfConfig
 This function uses a non-reentrant model


 *************** function _nrfConfigReg *****************
 Defined at:
		line 414 in file "main.c"
 Parameters:    Size  Location     Type
  wr              1    wreg     unsigned char 
  command         1   33[COMRAM] unsigned char 
  data            1   34[COMRAM] unsigned char 
 Auto vars:     Size  Location     Type
  wr              1   35[COMRAM] unsigned char 
 Return value:  Size  Location     Type
                  1    wreg      unsigned char 
 Registers used:
		wreg, status,2, status,0, cstack
 Tracked objects:
		On entry : 
		On exit  : 
		Unchanged: 
 Data sizes:     COMRAM   BANK0   BANK1   BANK2
      Params:         2       0       0       0
      Locals:         1       0       0       0
      Temps:          0       0       0       0
      Totals:         3       0       0       0
Total ram usage:        3 bytes
 Hardware stack levels used:    1
 Hardware stack levels required when called:    3
 This function calls:
		_setCSN
		_spiTransferByte
 This function is called by:
		_nrfConfig
 This function uses a non-reentrant model


 *************** function _spiTransferByte *****************
 Defined at:
		line 506 in file "main.c"
 Parameters:    Size  Location     Type
  data            1    wreg     unsigned char 
 Auto vars:     Size  Location     Type
  data            1   31[COMRAM] unsigned char 
 Return value:  Size  Location     Type
                  1    wreg      unsigned char 
 Registers used:
		wreg, status,2
 Tracked objects:
		On entry : 
		On exit  : 
		Unchanged: 
 Data sizes:     COMRAM   BANK0   BANK1   BANK2
      Params:         0       0       0       0
      Locals:         1       0       0       0
      Temps:          0       0       0       0
      Totals:         1       0       0       0
Total ram usage:        1 bytes
 Hardware stack levels used:    1
 Hardware stack levels required when called:    2
 This function calls:
		Nothing
 This function is called by:
		_nrfGetStatus
		_nrfConfigReg
		_nrfSetTXAddr
		_nrfSetRXAddr
		_spiTransfer
		_nrfTXData
 This function uses a non-reentrant model


 *************** function _setCSN *****************
 Defined at:
		line 389 in file "main.c"
 Parameters:    Size  Location     Type
  level           2   31[COMRAM] int 
 Auto vars:     Size  Location     Type
		None
 Return value:  Size  Location     Type
		None               void
 Registers used:
		wreg, status,2, status,0
 Tracked objects:
		On entry : 
		On exit  : 
		Unchanged: 
 Data sizes:     COMRAM   BANK0   BANK1   BANK2
      Params:         2       0       0       0
      Locals:         0       0       0       0
      Temps:          0       0       0       0
      Totals:         2       0       0       0
Total ram usage:        2 bytes
 Hardware stack levels used:    1
 Hardware stack levels required when called:    2
 This function calls:
		Nothing
 This function is called by:
		_nrfGetStatus
		_nrfConfigReg
		_nrfSetTXAddr
		_nrfSetRXAddr
		_spiTransfer
		_nrfTXData
 This function uses a non-reentrant model


 *************** function _intConfig *****************
 Defined at:
		line 301 in file "main.c"
 Parameters:    Size  Location     Type
		None
 Auto vars:     Size  Location     Type
		None
 Return value:  Size  Location     Type
		None               void
 Registers used:
		None
 Tracked objects:
		On entry : 
		On exit  : 
		Unchanged: 
 Data sizes:     COMRAM   BANK0   BANK1   BANK2
      Params:         0       0       0       0
      Locals:         0       0       0       0
      Temps:          0       0       0       0
      Totals:         0       0       0       0
Total ram usage:        0 bytes
 Hardware stack levels used:    1
 Hardware stack levels required when called:    2
 This function calls:
		Nothing
 This function is called by:
		_main
 This function uses a non-reentrant model


 *************** function _delay10ms *****************
 Defined at:
		line 549 in file "main.c"
 Parameters:    Size  Location     Type
  ms_multi        2   31[COMRAM] int 
 Auto vars:     Size  Location     Type
  i               2   34[COMRAM] int 
 Return value:  Size  Location     Type
		None               void
 Registers used:
		wreg, status,2, status,0
 Tracked objects:
		On entry : 
		On exit  : 
		Unchanged: 
 Data sizes:     COMRAM   BANK0   BANK1   BANK2
      Params:         2       0       0       0
      Locals:         2       0       0       0
      Temps:          1       0       0       0
      Totals:         5       0       0       0
Total ram usage:        5 bytes
 Hardware stack levels used:    1
 Hardware stack levels required when called:    2
 This function calls:
		Nothing
 This function is called by:
		_main
 This function uses a non-reentrant model


 *************** function _lowISR *****************
 Defined at:
		line 294 in file "main.c"
 Parameters:    Size  Location     Type
		None
 Auto vars:     Size  Location     Type
		None
 Return value:  Size  Location     Type
		None               void
 Registers used:
		None
 Tracked objects:
		On entry : 
		On exit  : 
		Unchanged: 
 Data sizes:     COMRAM   BANK0   BANK1   BANK2
      Params:         0       0       0       0
      Locals:         0       0       0       0
      Temps:         17       0       0       0
      Totals:        17       0       0       0
Total ram usage:       17 bytes
 Hardware stack levels used:    1
 Hardware stack levels required when called:    1
 This function calls:
		Nothing
 This function is called by:
		Interrupt level 1
 This function uses a non-reentrant model


 *************** function _highISR *****************
 Defined at:
		line 283 in file "main.c"
 Parameters:    Size  Location     Type
		None
 Auto vars:     Size  Location     Type
		None
 Return value:  Size  Location     Type
		None               void
 Registers used:
		wreg, status,2
 Tracked objects:
		On entry : 
		On exit  : 
		Unchanged: 
 Data sizes:     COMRAM   BANK0   BANK1   BANK2
      Params:         0       0       0       0
      Locals:         0       0       0       0
      Temps:         14       0       0       0
      Totals:        14       0       0       0
Total ram usage:       14 bytes
 Hardware stack levels used:    1
 This function calls:
		Nothing
 This function is called by:
		Interrupt level 2
 This function uses a non-reentrant model



MODULE INFORMATION

Module		Function		Class		Link	Load	Size
shared
		__initializatio		CODE           	07BE	0000	50

shared estimated size: 50

C:\Program Files (x86)\Microchip\xc8\v1.33\sources\common\aldiv.c
		___aldiv       		CODE           	0230	0000	300

C:\Program Files (x86)\Microchip\xc8\v1.33\sources\common\aldiv.c estimated size: 300

main.c
		_nrfConfigReg  		CODE           	0738	0000	74
		_spiConfig_1   		CODE           	0438	0000	196
		_spiTransfer   		CODE           	04FC	0000	158
		_main          		CODE           	00A6	0000	394
		_setCSN        		CODE           	0866	0000	16
		_highISR       		CODE           	0008	0000	1540
		_nrfSetTXAddr  		CODE           	06DC	0000	92
		_intConfig     		CODE           	0832	0000	18
		_lowISR        		CODE           	0018	0000	138
		_nrfTXData     		CODE           	060C	0000	112
		_nrfGetStatus  		CODE           	07F6	0000	34
		_spiTransferByt		CODE           	0856	0000	16
		_portConfig    		CODE           	0818	0000	26
		_nrfConfig     		CODE           	035C	0000	220
		_nrfSetRXAddr  		CODE           	067C	0000	96
		_delay10ms     		CODE           	0782	0000	60

main.c estimated size: 3190

